11-21 02:43:52.467  2429  5756 I Pageboost: start alp : com.chatup.app
11-21 02:43:52.467  3630  3630 I HoneySpace.IconView: start dim animation : chatUp
11-21 02:43:52.470  2429  3205 I Pageboost: alp for : com.chatup.app , 0
11-21 02:43:52.472  4298 13266 E pageboostd: alp start : app comchatupapp
11-21 02:43:52.475  4298 13266 E pageboostd: comchatupapp, amt 20817712 scnt 2 fcnt 0
11-21 02:43:52.475  4298 13266 E pageboostd: comchatupapp, amt 0 scnt 0 fcnt 0
11-21 02:43:52.475  4298 13266 E pageboostd: alp end : app comchatupapp data_amount 20817712
11-21 02:43:52.481  3223  3292 D ShellStartingWindow: preload Icon com.chatup.app
11-21 02:43:52.491  2429  2498 I ActivityManager: Start proc 13270:com.chatup.app/u0a455 for activelaunch {com.chatup.app/com.chatup.app.MainActivity}
11-21 02:43:52.507 13270 13270 I com.chatup.app: Using CollectorTypeCMC GC.
11-21 02:43:52.509 13270 13270 E com.chatup.app: Not starting debugger since process cannot load the jdwp agent.
11-21 02:43:52.525 13270 13270 D nativeloader: Configuring clns-9 for other apk /data/app/~~tBA_tr4J__DEAeqgInhYBg==/com.chatup.app-ckt7Tq7V_ca6TZ6hN8Pu3A==/base.apk. target_sdk_version=36, uses_libraries=, library_path=/data/app/~~tBA_tr4J__DEAeqgInhYBg==/com.chatup.app-ckt7Tq7V_ca6TZ6hN8Pu3A==/lib/arm64:/data/app/~~tBA_tr4J__DEAeqgInhYBg==/com.chatup.app-ckt7Tq7V_ca6TZ6hN8Pu3A==/base.apk!/lib/arm64-v8a, permitted_path=/data:/mnt/expand:/data/user/0/com.chatup.app
11-21 02:43:52.530 13270 13270 V GraphicsEnvironment: com.chatup.app is not listed in per-application setting
11-21 02:43:52.530 13270 13270 V GraphicsEnvironment: com.chatup.app is not listed in ANGLE allowlist or settings, returning default
11-21 02:43:52.548 13270 13270 W SoLoader: Recording new base apk path: /data/app/~~tBA_tr4J__DEAeqgInhYBg==/com.chatup.app-ckt7Tq7V_ca6TZ6hN8Pu3A==/base.apk
11-21 02:43:52.549 13270 13270 I SoLoader: Preparing SO source: DirectApkSoSource[root = [/data/app/~~tBA_tr4J__DEAeqgInhYBg==/com.chatup.app-ckt7Tq7V_ca6TZ6hN8Pu3A==/base.apk!/lib/arm64-v8a]]
11-21 02:43:52.551 13270 13270 I SoLoader: Preparing SO source: ApplicationSoSource[DirectorySoSource[root = /data/app/~~tBA_tr4J__DEAeqgInhYBg==/com.chatup.app-ckt7Tq7V_ca6TZ6hN8Pu3A==/lib/arm64 flags = 0]]
11-21 02:43:52.557 13270 13270 D nativeloader: Load /data/app/~~tBA_tr4J__DEAeqgInhYBg==/com.chatup.app-ckt7Tq7V_ca6TZ6hN8Pu3A==/base.apk!/lib/arm64-v8a/libc++_shared.so using class loader ns clns-9 (caller=/data/app/~~tBA_tr4J__DEAeqgInhYBg==/com.chatup.app-ckt7Tq7V_ca6TZ6hN8Pu3A==/base.apk): ok
11-21 02:43:52.560 13270 13270 D nativeloader: Load /data/app/~~tBA_tr4J__DEAeqgInhYBg==/com.chatup.app-ckt7Tq7V_ca6TZ6hN8Pu3A==/base.apk!/lib/arm64-v8a/libjsi.so using class loader ns clns-9 (caller=/data/app/~~tBA_tr4J__DEAeqgInhYBg==/com.chatup.app-ckt7Tq7V_ca6TZ6hN8Pu3A==/base.apk): ok
11-21 02:43:52.563 13270 13270 D nativeloader: Load /data/app/~~tBA_tr4J__DEAeqgInhYBg==/com.chatup.app-ckt7Tq7V_ca6TZ6hN8Pu3A==/base.apk!/lib/arm64-v8a/libfbjni.so using class loader ns clns-9 (caller=/data/app/~~tBA_tr4J__DEAeqgInhYBg==/com.chatup.app-ckt7Tq7V_ca6TZ6hN8Pu3A==/base.apk): ok
11-21 02:43:52.565 13270 13270 D nativeloader: Load /data/app/~~tBA_tr4J__DEAeqgInhYBg==/com.chatup.app-ckt7Tq7V_ca6TZ6hN8Pu3A==/base.apk!/lib/arm64-v8a/libreactnative.so using class loader ns clns-9 (caller=/data/app/~~tBA_tr4J__DEAeqgInhYBg==/com.chatup.app-ckt7Tq7V_ca6TZ6hN8Pu3A==/base.apk): ok
11-21 02:43:52.568 13270 13270 D nativeloader: Load /data/app/~~tBA_tr4J__DEAeqgInhYBg==/com.chatup.app-ckt7Tq7V_ca6TZ6hN8Pu3A==/base.apk!/lib/arm64-v8a/libreact_codegen_rnscreens.so using class loader ns clns-9 (caller=/data/app/~~tBA_tr4J__DEAeqgInhYBg==/com.chatup.app-ckt7Tq7V_ca6TZ6hN8Pu3A==/base.apk): ok
11-21 02:43:52.570 13270 13270 D nativeloader: Load /data/app/~~tBA_tr4J__DEAeqgInhYBg==/com.chatup.app-ckt7Tq7V_ca6TZ6hN8Pu3A==/base.apk!/lib/arm64-v8a/libreact_codegen_rnsvg.so using class loader ns clns-9 (caller=/data/app/~~tBA_tr4J__DEAeqgInhYBg==/com.chatup.app-ckt7Tq7V_ca6TZ6hN8Pu3A==/base.apk): ok
11-21 02:43:52.572 13270 13270 D nativeloader: Load /data/app/~~tBA_tr4J__DEAeqgInhYBg==/com.chatup.app-ckt7Tq7V_ca6TZ6hN8Pu3A==/base.apk!/lib/arm64-v8a/libreact_codegen_safeareacontext.so using class loader ns clns-9 (caller=/data/app/~~tBA_tr4J__DEAeqgInhYBg==/com.chatup.app-ckt7Tq7V_ca6TZ6hN8Pu3A==/base.apk): ok
11-21 02:43:52.573 13270 13270 D nativeloader: Load /data/app/~~tBA_tr4J__DEAeqgInhYBg==/com.chatup.app-ckt7Tq7V_ca6TZ6hN8Pu3A==/base.apk!/lib/arm64-v8a/libappmodules.so using class loader ns clns-9 (caller=/data/app/~~tBA_tr4J__DEAeqgInhYBg==/com.chatup.app-ckt7Tq7V_ca6TZ6hN8Pu3A==/base.apk): ok
11-21 02:43:52.579  3630  3630 I HoneySpace.IconView: end dim animation : chatUp
11-21 02:43:52.583  2429  5756 I Pageboost: onAppLaunch : com.chatup.app
11-21 02:43:52.588  3630 13152 I AppIconSolution: getThemeIconWithBG called with public API, pkg = com.chatup.app, mode = 48
11-21 02:43:52.588  3630 13152 I AppIconSolution: return adaptive icon for com.chatup.app, isNight = true
11-21 02:43:52.588  3630 13152 I LauncherActivityInfo: packageName: com.chatup.app, useThemeIcon: false, height: 288, width: 288, density: 640
11-21 02:43:52.588  2429  5756 V WindowManager: Collecting in transition 434: ActivityRecord{50642006 u0 com.chatup.app/.MainActivity, caller=com.android.server.wm.TransitionController.collect:7 com.android.server.wm.ActivityStarter.startActivityUnchecked:98 com.android.server.wm.ActivityStarter.executeRequest:3651 com.android.server.wm.ActivityStarter.execute:1752 com.android.server.wm.ActivityTaskManagerService.startActivityAsUser:95 
11-21 02:43:52.588  2429  5756 D ActivityTaskManager: DesktopModeLaunchParamsModifier: task=null activity=ActivityRecord{50642006 u0 com.chatup.app/.MainActivity t-1} task null, skipping
11-21 02:43:52.588  2429  5756 D ActivityTaskManager: TaskLaunchParamsModifier:task=null activity=ActivityRecord{50642006 u0 com.chatup.app/.MainActivity t-1} display-from-option=0 display-id=0 task-display-area-windowing-mode=1 suggested-display-area=DefaultTaskDisplayArea_d0@134598586
11-21 02:43:52.589  2429  5756 D ActivityTaskManager: DesktopModeLaunchParamsModifier: task=null activity=ActivityRecord{50642006 u0 com.chatup.app/.MainActivity t-1} task null, skipping
11-21 02:43:52.589  2429  5756 D ActivityTaskManager: TaskLaunchParamsModifier:task=null activity=ActivityRecord{50642006 u0 com.chatup.app/.MainActivity t-1} display-from-option=0 display-id=0 task-display-area-windowing-mode=1 suggested-display-area=DefaultTaskDisplayArea_d0@134598586 inherit-from-source=fullscreen non-freeform-task-display-area display-area=DefaultTaskDisplayArea_d0@134598586 activity-requested-portrait freeform-size-mismatch=Rect(81, 603 - 999, 1773)
11-21 02:43:52.590  2429  3205 I Pageboost: Record App IO : com.chatup.app pid 13270
11-21 02:43:52.594  2429  5756 D ActivityTaskManager: DesktopModeLaunchParamsModifier: task=Task{9a38630 #15411 type=standard A=10455:com.chatup.app} activity=ActivityRecord{50642006 u0 com.chatup.app/.MainActivity t-1} non-desktop, skipping
11-21 02:43:52.594  2429  5756 D ActivityTaskManager: TaskLaunchParamsModifier:task=Task{9a38630 #15411 type=standard A=10455:com.chatup.app} activity=ActivityRecord{50642006 u0 com.chatup.app/.MainActivity t-1} display-from-option=0 display-id=0 task-display-area-windowing-mode=1 suggested-display-area=DefaultTaskDisplayArea_d0@134598586 inherit-from-source=fullscreen non-freeform-task-display-area display-area=DefaultTaskDisplayArea_d0@134598586 activity-requested-portrait freeform-size-mismatch=Rect(81, 603 - 999, 1773)
11-21 02:43:52.594  2429  5756 V WindowManager: Collecting in transition 434: Task{9a38630 #15411 type=standard A=10455:com.chatup.app}, caller=com.android.server.wm.Transition.collectExistenceChange:40 com.android.server.wm.ActivityStarter.startActivityInner:293 com.android.server.wm.ActivityStarter.startActivityUnchecked:111 com.android.server.wm.ActivityStarter.executeRequest:3651 com.android.server.wm.ActivityStarter.execute:1752 
11-21 02:43:52.595  1665  1921 I SurfaceFlinger: id=5092 createSurf, flag=84004, ActivityRecord{50642006 u0 com.chatup.app/.MainActivity t15411}#5092
11-21 02:43:52.596  2429  5756 V WindowManager: Add starting ActivityRecord{50642006 u0 com.chatup.app/.MainActivity t15411}: startingData=SplashScreenStartingData{107002e removeAfterTransaction= 0}
11-21 02:43:52.596  2429  5756 V WindowManager: Added starting ActivityRecord{50642006 u0 com.chatup.app/.MainActivity t15411}: startingWindow=null startingView=com.android.server.wm.StartingSurfaceController$StartingSurface@39d47cf
11-21 02:43:52.597  2429  5756 V WindowManager: Collecting in transition 434: ActivityRecord{50642006 u0 com.chatup.app/.MainActivity t15411}, caller=com.android.server.wm.Transition.collectExistenceChange:40 com.android.server.wm.ActivityStarter.handleStartResult:761 com.android.server.wm.ActivityStarter.startActivityUnchecked:124 com.android.server.wm.ActivityStarter.executeRequest:3651 com.android.server.wm.ActivityStarter.execute:1752 
11-21 02:43:52.597  2429  5756 V WindowManager:    ChangeInfo{606f13a container=ActivityRecord{50642006 u0 com.chatup.app/.MainActivity t15411} flags=0x0}
11-21 02:43:52.597  2429  5756 V WindowManager:    ChangeInfo{485eb48 container=Task{9a38630 #15411 type=standard A=10455:com.chatup.app} flags=0x0}
11-21 02:43:52.598  2429  5756 I ActivityTaskManager: START u0 {act=android.intent.action.MAIN cat=[android.intent.category.LAUNCHER] flg=0x10200000 xflg=0x4 cmp=com.chatup.app/.MainActivity bnds=[240,1622][439,1896]} with LAUNCH_SINGLE_TASK from uid 10151 (sr=256021636) (BAL_ALLOW_VISIBLE_WINDOW) result code=0
11-21 02:43:52.599  3630 13152 I HoneySpace.SuggestedAppsRepositoryImpl: sendSuggestedAppsLaunchTarget: ComponentInfo{com.chatup.app/com.chatup.app.MainActivity}
11-21 02:43:52.599  3630  3789 I HoneySpace.SALoggingUtils: SA Logging screenID: 201 eventId: 1001 detail: {PackageName=com.chatup.app, det=3} value: -1
11-21 02:43:52.602  3223  3269 V WindowManagerShell: Transition requested (#434): android.os.BinderProxy@473a62a TransitionRequestInfo { type = OPEN, triggerTask = TaskInfo{userId=0 taskId=15411 effectiveUid=10455 displayId=0 isRunning=true baseIntent=Intent { act=android.intent.action.MAIN cat=[android.intent.category.LAUNCHER] flg=0x10200000 cmp=com.chatup.app/.MainActivity } baseActivity=ComponentInfo{com.chatup.app/com.chatup.app.MainActivity} topActivity=ComponentInfo{com.chatup.app/com.chatup.app.MainActivity} origActivity=null realActivity=ComponentInfo{com.chatup.app/com.chatup.app.MainActivity} numActivities=1 lastActiveTime=60950473 supportsMultiWindow=true resizeMode=1 isResizeable=true minWidth=-1 minHeight=-1 maxWidth=-1 maxHeight=-1 defaultMinSize=220 desktopDefaultMinSize=304 token=WCT{android.window.IWindowContainerToken$Stub$Proxy@5abc1b} topActivityType=1 pictureInPictureParams=null shouldDockBigOverlays=false launchIntoPipHostTaskId=-1 lastParentTaskIdBeforePip=-1 displayCutoutSafeInsets=Rect(0, 81 - 0, 0) topActivityInfo=ActivityInfo{3d481b8 com.chatup.app.MainActivity} launchCookies=[android.os.BinderProxy@d517b91] positionInParent=Point(0, 0) parentTaskId=-1 isFocused=false isVisible=false isVisibleRequested=false isTopActivityNoDisplay=false isSleeping=false locusId=null displayAreaFeatureId=1 isTopActivityTransparent=false isActivityStackTransparent=false lastNonFullscreenBounds=Rect(81, 603 - 999, 1773) capturedLink=null capturedLinkTimestamp=0 requestedVisibleTypes=-9 topActivityRequestOpenInBrowserEducationTimestamp=0 appCompatTaskInfo=AppCompatTaskInfo { topActivityInSizeCompat=false eligibleForLetterboxEducation= false isLetterboxEducationEnabled= false isLetterboxDoubleTapEnabled= false eligibleForUserAspectRatioButton= false topActivityBoundsLetterboxed= false isFromLetterboxDoubleTap= false topActivityLetterboxVerticalPosition= -1 topActivityLetterboxHorizontalPosition= -1 topActivityLetterboxWidth=-1 topActivityLetterboxHeight=-1 topActivityAppBounds=Rect(0, 0 - 1080, 2340) isUserFullscreenOverrideEnabled=false isSystemFullscreenOverrideEnabled=false hasMinAspectRatioOverride=false topActivityLetterboxBounds=null cameraCompatTaskInfo=CameraCompatTaskInfo { freeformCameraCompatMode=inactive} topActivityBounds=null topActivityInDisplayCompat=false singleTapFromLetterbox=false} topActivityMainWindowFrame=null originallySupportedMultiWindow=true hasWallpaper=false rootAffinity=10455:com.chatup.app isTopTaskInStage=false CoverLauncherWidgetTask=false LaunchedFromAppsCoverLauncherTask=false LaunchedFromMultistarCoverLauncherTask=false isAllowedSeamlessRotation=false isTopTransparentActivity=false isAliasManaged=false hasConfigChanged=false snappingGuideBounds=null isAiKeyRemoveAppTask=false lastDesktopWindowingBounds=null lastExternalDesktopWindowingBounds=null safeCutoutInsets=null}, pipChange = null, remoteTransition = RemoteTransition { remoteTransition = android.window.IRemoteTransition$Stub$Proxy@27dfaf6, appThread = android.app.IApplicationThread$Stub$Proxy@25efef7, debugName = QuickstepLaunchflags =NONE }, displayChange = null, flags = 0, debugId = 434 }
11-21 02:43:52.603  2429  5756 V WindowManager: Collecting in transition 434: ActivityRecord{50642006 u0 com.chatup.app/.MainActivity t15411}, caller=com.android.server.wm.TransitionController.collect:7 com.android.server.wm.ActivityRecord.setVisibility:132 com.android.server.wm.ActivityRecord.makeVisibleIfNeeded:36 com.android.server.wm.EnsureActivitiesVisibleHelper.process:538 com.android.server.wm.TaskFragment.updateActivityVisibilities:12 
11-21 02:43:52.603  2429  5756 D WindowManager: rotationForOrientation, orientationSource=ActivityRecord{50642006 u0 com.chatup.app/.MainActivity t15411}
11-21 02:43:52.603  2429  5756 V WindowManager: Collecting in transition 434: ActivityRecord{50642006 u0 com.chatup.app/.MainActivity t15411}, caller=com.android.server.wm.TransitionController.collect:7 com.android.server.wm.ActivityRecord.setVisibility:132 com.android.server.wm.ActivityTaskSupervisor.realStartActivityLocked:203 com.android.server.wm.ActivityTaskSupervisor.startSpecificActivity:27 com.android.server.wm.TaskFragment.resumeTopActivity:2089 
11-21 02:43:52.603  2429  5756 D SGM:FgCheckThread: notifyAppCreated(), packageName: com.chatup.app, userId: 0, sendRet: true
11-21 02:43:52.604  2429  2966 D SGM:FgCheckThread: onLooperPrepared(), msg: MSG_APP_CREATE, pkgName: com.chatup.app, userId: 0
11-21 02:43:52.604  2429  5756 D SGM:FgCheckThread:   sendRunningComponentFocus(), pkgName: com.chatup.app, userId: 0
11-21 02:43:52.604  2429  5756 D InputDispatcher: Focused application(0): ActivityRecord{50642006 u0 com.chatup.app/.MainActivity t15411}
11-21 02:43:52.604  2429  2966 D SGM:FgCheckThread: onLooperPrepared(), msg: MSG_TASK_FOCUSED, pkgName: com.chatup.app, userId: 0
11-21 02:43:52.604  2429  2966 D SGM:FgCheckThread:   handleTaskFocused(), pkgName: com.chatup.app, userID:0
11-21 02:43:52.604  2429  2966 D SGM:FgCheckThread:   handleResume(). pkgName: com.chatup.app, userId: 0, category: non-game
11-21 02:43:52.604  2429  2966 D SGM:FgCheckThread: notifyFocusInOut(). of pkg: com.chatup.app, type: 4, isSecGameFamily: false, userId: 0
11-21 02:43:52.605  2429  5756 D ActivityTaskManager: scheduleTopResumedActivityChanged, onTop=true, r=ActivityRecord{50642006 u0 com.chatup.app/.MainActivity t15411}, caller=com.android.server.wm.ActivityTaskSupervisor.scheduleTopResumedActivityStateIfNeeded:18 com.android.server.wm.ActivityTaskSupervisor.updateTopResumedActivityIfNeeded:54 com.android.server.wm.TaskFragment.setResumedActivity:30 com.android.server.wm.ActivityRecord.setState:100 com.android.server.wm.ActivityTaskSupervisor.realStartActivityLocked:477 com.android.server.wm.ActivityTaskSupervisor.startSpecificActivity:27 
11-21 02:43:52.605  2429  5756 D WindowManagerServiceExt: updateTaskbarTargetIfNeeded: cn=ComponentInfo{com.chatup.app/com.chatup.app.MainActivity} occludesParent=true isInSplitScreenMode=false
11-21 02:43:52.605  2429  4059 D GraphicsStatsService: requestRenderEngineFor(com.chatup.app)
11-21 02:43:52.605 13270 13270 D ActivityThread: com.chatup.app will use render engine as VK
11-21 02:43:52.608  1665  1665 I SurfaceFlinger: [ActivityRecord{50642006 u0 com.chatup.app/.MainActivity t15411}#5092] attach to parent LayerHierarchy{RequestedLayerState{Task=15411#5091 parentId=10} 1 children}
11-21 02:43:52.614  3630  3863 I HoneySpace.TopTaskUseCase: topTasks 15411 ComponentInfo{com.chatup.app/com.chatup.app.MainActivity}[displayId=0]
11-21 02:43:52.615  2429  2490 D SGM:FgCheckThread: noteResumeComponent(), received pkgName: com.chatup.app, userId: 0
11-21 02:43:52.615  2429  2966 D SGM:FgCheckThread: onLooperPrepared(), msg: MSG_APP_RESUME, pkgName: com.chatup.app, userid: 0
11-21 02:43:52.615  2429  2490 D SGM:GameManager: identifyGamePackage. com.chatup.app, mCurrentUserId: 0, callingMethodInfo: com.samsung.android.game.SemGameManager.isGamePackage(SemGameManager.java:106)
11-21 02:43:52.616  2429  2490 D SGM:SemGameManager: isGamePackage(), pkgName=com.chatup.app, ret=false
11-21 02:43:52.616  2429  2966 D SGM:FgCheckThread:   handleResume(). pkgName: com.chatup.app, userId: 0, category: non-game
11-21 02:43:52.616  2429  2966 D SGM:FgCheckThread: notifyFocusInOut(). of pkg: com.chatup.app, type: 4, isSecGameFamily: false, userId: 0
11-21 02:43:52.616  5956 12092 I SDHMS:k : handleResumeComponent : put = com.chatup.app, userid = 0 instanceid =111342249
11-21 02:43:52.617  3630  3630 I HoneySpace.EdgePanel.EdgePanelContainerViewModel: cocktailHostRepository.edgePanelOperation NoteResumeComponent(componentName=ComponentInfo{com.chatup.app/com.chatup.app.MainActivity})
11-21 02:43:52.617  3630  3630 I HoneySpace.EdgePanel.ActivityUtils: HomePackage : com.sec.android.app.launcher, resumePackageName : com.chatup.app, className : com.chatup.app.MainActivity
11-21 02:43:52.617  2429  2491 D BLASTSyncEngine: SyncGroup 434:  Unfinished container: Task{9a38630 #15411 type=standard A=10455:com.chatup.app} mSyncState=2
11-21 02:43:52.618  2429  2488 D SGM:GameManager: identifyForegroundApp. com.chatup.app, mCurrentUserId: 0, callerUserId: 0
11-21 02:43:52.621  2429  3436 D WindowManager: prepareSync <SYNC_STATE_WAITING_FOR_DRAW>, mPrepareSyncSeqId=0, win=Window{54c7151 u0 Splash Screen com.chatup.app}
11-21 02:43:52.621  1665  3726 I SurfaceFlinger: id=5093 createSurf, flag=84004, 54c7151 Splash Screen com.chatup.app#5093
11-21 02:43:52.622 11893 12418 I SAMSUNGWALLET: [Hint_SimpleHintProcessMonitor] isHomePackageRunning topPkgName = com.chatup.app, topClsName = com.chatup.app.MainActivity, return false , se : false
11-21 02:43:52.622  2429  2488 D SGM:GameManager: identifyForegroundApp. com.chatup.app, mCurrentUserId: 0, callerUserId: 0
11-21 02:43:52.623  2429  3436 V WindowManager: addWindow: ActivityRecord{50642006 u0 com.chatup.app/.MainActivity t15411} startingWindow=Window{54c7151 u0 Splash Screen com.chatup.app}
11-21 02:43:52.625  1665  1665 I SurfaceFlinger: [54c7151 Splash Screen com.chatup.app#5093] attach to parent LayerHierarchy{RequestedLayerState{ActivityRecord{50642006 u0 com.chatup.app/.MainActivity t15411}#5092 parentId=5091} 1 children}
11-21 02:43:52.626  3223  3291 I InsetsController: onStateChanged: host=Splash Screen com.chatup.app, from=android.view.ViewRootImpl.onInsetsStateChanged:3026, state=InsetsState: {mDisplayFrame=Rect(0, 0 - 1080, 2340), mDisplayCutout=DisplayCutout{insets=Rect(0, 81 - 0, 0) waterfall=Insets{left=0, top=0, right=0, bottom=0} boundingRect={Bounds=[Rect(0, 0 - 0, 0), Rect(512, 0 - 568, 81), Rect(0, 0 - 0, 0), Rect(0, 0 - 0, 0)]} cutoutPathParserInfo={CutoutPathParserInfo{displayWidth=1080 displayHeight=2340 physicalDisplayWidth=1080 physicalDisplayHeight=2340 density={3.0} cutoutSpec={M 0,0 H -9.333333333333333 V 27 H 9.333333333333333 V 0 H 0 Z @dp} rotation={0} scale={1.0} physicalPixelDisplaySizeRatio={1.0}}} sideOverrides={}}, mRoundedCorners=RoundedCorners{[RoundedCorner{position=TopLeft, radius=102, center=Point(102, 102)}, RoundedCorner{position=TopRight, radius=102, center=Point(978, 102)}, RoundedCorner{position=BottomRight, radius=102, center=Point(978, 2238)}, RoundedCorner{position=BottomLeft, radius=102, center=Point(102, 2238)}]}  mRoundedCornerFrame=Rect(0, 0 - 1080, 2340), mPrivacyIndicatorBounds=PrivacyIndicatorBounds {static bounds=Rect(948, 0 - 1080, 81) rotation=0}, mDisplayShape=DisplayShape{ spec=-311912193 displayWidth=1080 displayHeight=2340 physicalPixelDisplaySizeRatio=1.0 rotation=0 offsetX=0 offsetY=0 scale=1.0}, mSources= { InsetsSource: {88a50001 mType=navigationBars mFrame=[0,2295][1080,2340] mVisible=true mFlags=SUPPRESS_SCRIM mSideHint=BOTTOM mBoundingRects=null}, InsetsSource: {88a50004 mType=systemGestures mFrame=[0,0][90,2340] mVisible=true mFlags= mSideHint=LEFT mBoundingRects=null}, InsetsSource: {88a50005 mType=mandatorySystemGestures mFrame=[0,2244][1080,2340] mVisible=true mFlags= mSideHint=BOTTOM mBoundingRects=null}, InsetsSource: {88a50006 mType=tappableElement mFrame=[0,0][0,0] mVisible=true mFlags= mSideHint=NONE mBoundingRects=null}, InsetsSource: {88a50024 mType=systemGestures mFrame=[990,0][1080,2340] mVisible=true mFlags= mSideHint=RIGHT mBoundingRects=null}, InsetsSource: {3 mType=ime mFrame=[0,0][0,0] mVisible=false mFlags= mSideHint=NONE mBoundingRects=null}, InsetsSource: {27 mType=displayCutout mFrame=[0,0][1080,81] mVisible=true mFlags= mSideHint=TOP mBoundingRects=null}, InsetsSource: {43c00000 mType=statusBars mFrame=[0,0][1080,81] mVisible=true mFlags= mSideHint=TOP mBoundingRects=null}, InsetsSource: {43c00005 mType=mandatorySystemGestures mFrame=[0,0][1080,117] mVisible=true mFlags= mSideHint=TOP mBoundingRects=null}, InsetsSource: {43c00006 mType=tappableElement mFrame=[0,0][1080,81] mVisible=true mFlags= mSideHint=TOP mBoundingRects=null} }
11-21 02:43:52.631  2429  2491 D SurfaceComposerClient: setCornerRadius ## 54c7151 Splash Screen com.chatup.app#5093 cornerRadius=0.000000
11-21 02:43:52.631  2429  2491 D SurfaceComposerClient: setCornerRadius ## 54c7151 Splash Screen com.chatup.app#5093 cornerRadius=0.000000
11-21 02:43:52.632  2429  2491 D BLASTSyncEngine: SyncGroup 434:  Unfinished container: Task{9a38630 #15411 type=standard A=10455:com.chatup.app} mSyncState=2
11-21 02:43:52.636  2429  3436 D CoreBackPreview: Window{54c7151 u0 Splash Screen com.chatup.app}: Setting back callback OnBackInvokedCallbackInfo{mCallback=android.window.IOnBackInvokedCallback$Stub$Proxy@eef949a, mPriority=0, mIsAnimationCallback=false, mOverrideBehavior=0}
11-21 02:43:52.637  2429  4059 I WindowManager: Relayout Window{54c7151 u0 Splash Screen com.chatup.app}: viewVisibility=0 req=1080x2340 ty=3 d0
11-21 02:43:52.637  1665  1792 I SurfaceFlinger: id=5094 createSurf, flag=44004, Splash Screen com.chatup.app$_3223#5094
11-21 02:43:52.637  2429  4059 D WindowManager: makeSurface duration=1 name=Splash Screen com.chatup.app$_3223
11-21 02:43:52.638  2429  4059 D SurfaceComposerClient: setCornerRadius ## 54c7151 Splash Screen com.chatup.app#5093 cornerRadius=0.000000
11-21 02:43:52.638  2429  4059 D SurfaceComposerClient: setCornerRadius ## 54c7151 Splash Screen com.chatup.app#5093 cornerRadius=0.000000
11-21 02:43:52.638  2429  4059 D BLASTSyncEngine: SyncGroup 434:  Unfinished container: Task{9a38630 #15411 type=standard A=10455:com.chatup.app} mSyncState=2
11-21 02:43:52.641  1665  1665 I SurfaceFlinger: [Splash Screen com.chatup.app$_3223#5094] attach to parent LayerHierarchy{RequestedLayerState{54c7151 Splash Screen com.chatup.app#5093 parentId=5092} 1 children}
11-21 02:43:52.650  1665  1792 I SurfaceFlinger: [Splash Screen com.chatup.app$_3223#5094] setTransactionState with the first frame. bufferData(ID: 13842679602296, frameNumber: 1)
11-21 02:43:52.651  2429  3436 D WindowManager: finishDrawingWindow: Window{54c7151 u0 Splash Screen com.chatup.app} mDrawState=DRAW_PENDING seqId=0
11-21 02:43:52.651  2429  3436 V WindowManager: Finishing drawing window Window{54c7151 u0 Splash Screen com.chatup.app}: mDrawState=DRAW_PENDING
11-21 02:43:52.651  2429  3436 V WindowManager: Draw state now committed in Window{54c7151 u0 Splash Screen com.chatup.app}
11-21 02:43:52.651  2429  2491 D SurfaceComposerClient: setCornerRadius ## 54c7151 Splash Screen com.chatup.app#5093 cornerRadius=0.000000
11-21 02:43:52.652  2429  2491 D SurfaceComposerClient: setCornerRadius ## 54c7151 Splash Screen com.chatup.app#5093 cornerRadius=0.000000
11-21 02:43:52.652  2429  2491 V WindowManager: performShowLocked: mDrawState=HAS_DRAWN in Window{54c7151 u0 Splash Screen com.chatup.app}
11-21 02:43:52.652  2429  2491 D ChangeTransitionController:    ChangeInfo{606f13a container=ActivityRecord{50642006 u0 com.chatup.app/.MainActivity t15411} flags=0x0}
11-21 02:43:52.652  2429  2491 D ChangeTransitionController:    ChangeInfo{485eb48 container=Task{9a38630 #15411 type=standard A=10455:com.chatup.app} flags=0x0}
11-21 02:43:52.652  2429  2491 V WindowManager: Start calculating TransitionInfo based on participants: {WallpaperWindowToken{1c62a64 showWhenLocked=true}_<lock>, ActivityRecord{50642006 u0 com.chatup.app/.MainActivity t15411}, Task{9a38630 #15411 type=standard A=10455:com.chatup.app}, WallpaperWindowToken{a5edb24 showWhenLocked=false}_<system>, ActivityRecord{256021636 u0 com.sec.android.app.launcher/.activities.LauncherActivity t15347}}
11-21 02:43:52.653  2429  2491 V WindowManager:   Final targets: [ChangeInfo{485eb48 container=Task{9a38630 #15411 type=standard A=10455:com.chatup.app} flags=0x10}, ChangeInfo{c3856f9 container=Task{e4d5e4b #1 type=home} flags=0x10}, ChangeInfo{e7989c0 container=WallpaperWindowToken{a5edb24 showWhenLocked=false}_<system> flags=0x0}]
11-21 02:43:52.654  2429  2491 I SurfaceControlRegistry: show, t=StartTransaction_SyncId<434> sc=ActivityRecord{50642006 u0 com.chatup.app/.MainActivity t15411}, caller=android.view.SurfaceControl$Transaction.show:3557 com.android.server.wm.Transition.onTransactionReady:2048 com.android.server.wm.BLASTSyncEngine$SyncGroup.finishNow:240 com.android.server.wm.BLASTSyncEngine.onSurfacePlacement:263 com.android.server.wm.RootWindowContainer.performSurfacePlacementNoTrace:1083 com.android.server.wm.WindowSurfacePlacer.performSurfacePlacement:166 
11-21 02:43:52.654  2429  2491 V WindowManager:         {WCT{RemoteToken{11e69b5 Task{9a38630 #15411 type=standard A=10455:com.chatup.app}}} m=OPEN f=NONE leash=Surface(name=Task=15411)/@0x6db8c9f sb=Rect(0, 0 - 1080, 2340) eb=Rect(0, 0 - 1080, 2340) epz=Point(1080, 2340) d=0 taskParent=-1 inset=Rect(0, 81 - 0, 45) dim=true},
11-21 02:43:52.656  2429  2487 V WindowManager: Sent Transition (#434) createdAt=11-21 02:43:52.585 via request=TransitionRequestInfo { type = OPEN, triggerTask = TaskInfo{userId=0 taskId=15411 effectiveUid=10455 displayId=0 isRunning=true baseIntent=Intent { act=android.intent.action.MAIN cat=[android.intent.category.LAUNCHER] flg=0x10200000 cmp=com.chatup.app/.MainActivity } baseActivity=ComponentInfo{com.chatup.app/com.chatup.app.MainActivity} topActivity=ComponentInfo{com.chatup.app/com.chatup.app.MainActivity} origActivity=null realActivity=ComponentInfo{com.chatup.app/com.chatup.app.MainActivity} numActivities=1 lastActiveTime=60950473 supportsMultiWindow=true resizeMode=1 isResizeable=true minWidth=-1 minHeight=-1 maxWidth=-1 maxHeight=-1 defaultMinSize=220 desktopDefaultMinSize=304 token=WCT{RemoteToken{11e69b5 Task{9a38630 #15411 type=standard A=10455:com.chatup.app}}} topActivityType=1 pictureInPictureParams=null shouldDockBigOverlays=false launchIntoPipHostTaskId=-1 lastParentTaskIdBeforePip=-1 displayCutoutSafeInsets=Rect(0, 81 - 0, 0) topActivityInfo=ActivityInfo{526584a com.chatup.app.MainActivity} launchCookies=[android.os.BinderProxy@37653bb] positionInParent=Point(0, 0) parentTaskId=-1 isFocused=false isVisible=false isVisibleRequested=false isTopActivityNoDisplay=false isSleeping=false locusId=null displayAreaFeatureId=1 isTopActivityTransparent=false isActivityStackTransparent=false lastNonFullscreenBounds=Rect(81, 603 - 999, 1773) capturedLink=null capturedLinkTimestamp=0 requestedVisibleTypes=-9 topActivityRequestOpenInBrowserEducationTimestamp=0 appCompatTaskInfo=AppCompatTaskInfo { topActivityInSizeCompat=false eligibleForLetterboxEducation= false isLetterboxEducationEnabled= false isLetterboxDoubleTapEnabled= false eligibleForUserAspectRatioButton= false topActivityBoundsLetterboxed= false isFromLetterboxDoubleTap= false topActivityLetterboxVerticalPosition= -1 topActivityLetterboxHorizontalPosition= -1 topActivityLetterboxWidth=-1 topActivityLetterboxHeight=-1 topActivityAppBounds=Rect(0, 0 - 1080, 2340) isUserFullscreenOverrideEnabled=false isSystemFullscreenOverrideEnabled=false hasMinAspectRatioOverride=false topActivityLetterboxBounds=null cameraCompatTaskInfo=CameraCompatTaskInfo { freeformCameraCompatMode=inactive} topActivityBounds=null topActivityInDisplayCompat=false singleTapFromLetterbox=false} topActivityMainWindowFrame=null originallySupportedMultiWindow=true hasWallpaper=false rootAffinity=10455:com.chatup.app isTopTaskInStage=false CoverLauncherWidgetTask=false LaunchedFromAppsCoverLauncherTask=false LaunchedFromMultistarCoverLauncherTask=false isAllowedSeamlessRotation=false isTopTransparentActivity=false isAliasManaged=false hasConfigChanged=false snappingGuideBounds=null isAiKeyRemoveAppTask=false lastDesktopWindowingBounds=null lastExternalDesktopWindowingBounds=null safeCutoutInsets=null}, pipChange = null, remoteTransition = RemoteTransition { remoteTransition = android.window.IRemoteTransition$Stub$Proxy@486d0d8, appThread = android.app.IApplicationThread$Stub$Proxy@18ec31, debugName = QuickstepLaunchflags =NONE }, displayChange = null, flags = 0, debugId = 434 }
11-21 02:43:52.656  2429  2487 V WindowManager:         {WCT{RemoteToken{11e69b5 Task{9a38630 #15411 type=standard A=10455:com.chatup.app}}} m=OPEN f=NONE leash=Surface(name=Task=15411)/@0x6db8c9f sb=Rect(0, 0 - 1080, 2340) eb=Rect(0, 0 - 1080, 2340) epz=Point(1080, 2340) d=0 taskParent=-1 inset=Rect(0, 81 - 0, 45) dim=true},
11-21 02:43:52.656 13270 13300 D nativeloader: Load /data/app/~~tBA_tr4J__DEAeqgInhYBg==/com.chatup.app-ckt7Tq7V_ca6TZ6hN8Pu3A==/base.apk!/lib/arm64-v8a/libhermes.so using class loader ns clns-9 (caller=/data/app/~~tBA_tr4J__DEAeqgInhYBg==/com.chatup.app-ckt7Tq7V_ca6TZ6hN8Pu3A==/base.apk): ok
11-21 02:43:52.657 13270 13300 D nativeloader: Load /data/app/~~tBA_tr4J__DEAeqgInhYBg==/com.chatup.app-ckt7Tq7V_ca6TZ6hN8Pu3A==/base.apk!/lib/arm64-v8a/libhermestooling.so using class loader ns clns-9 (caller=/data/app/~~tBA_tr4J__DEAeqgInhYBg==/com.chatup.app-ckt7Tq7V_ca6TZ6hN8Pu3A==/base.apk): ok
11-21 02:43:52.659  1665  1792 I SurfaceFlinger: id=5096 createSurf, flag=84000, 91b4c18 ActivityRecordInputSink com.chatup.app/.MainActivity#5096
11-21 02:43:52.661  1665  1792 I SurfaceFlinger: id=5097 createSurf, flag=84004, a042284 com.chatup.app/com.chatup.app.MainActivity#5097
11-21 02:43:52.663 13270 13270 I InsetsController: onStateChanged: host=com.chatup.app/com.chatup.app.MainActivity, from=android.view.ViewRootImpl.onInsetsStateChanged:3026, state=InsetsState: {mDisplayFrame=Rect(0, 0 - 1080, 2340), mDisplayCutout=DisplayCutout{insets=Rect(0, 81 - 0, 0) waterfall=Insets{left=0, top=0, right=0, bottom=0} boundingRect={Bounds=[Rect(0, 0 - 0, 0), Rect(512, 0 - 568, 81), Rect(0, 0 - 0, 0), Rect(0, 0 - 0, 0)]} cutoutPathParserInfo={CutoutPathParserInfo{displayWidth=1080 displayHeight=2340 physicalDisplayWidth=1080 physicalDisplayHeight=2340 density={3.0} cutoutSpec={M 0,0 H -9.333333333333333 V 27 H 9.333333333333333 V 0 H 0 Z @dp} rotation={0} scale={1.0} physicalPixelDisplaySizeRatio={1.0}}} sideOverrides={}}, mRoundedCorners=RoundedCorners{[RoundedCorner{position=TopLeft, radius=102, center=Point(102, 102)}, RoundedCorner{position=TopRight, radius=102, center=Point(978, 102)}, RoundedCorner{position=BottomRight, radius=102, center=Point(978, 2238)}, RoundedCorner{position=BottomLeft, radius=102, center=Point(102, 2238)}]}  mRoundedCornerFrame=Rect(0, 0 - 1080, 2340), mPrivacyIndicatorBounds=PrivacyIndicatorBounds {static bounds=Rect(948, 0 - 1080, 81) rotation=0}, mDisplayShape=DisplayShape{ spec=-311912193 displayWidth=1080 displayHeight=2340 physicalPixelDisplaySizeRatio=1.0 rotation=0 offsetX=0 offsetY=0 scale=1.0}, mSources= { InsetsSource: {88a50001 mType=navigationBars mFrame=[0,2295][1080,2340] mVisible=true mFlags=SUPPRESS_SCRIM mSideHint=BOTTOM mBoundingRects=null}, InsetsSource: {88a50004 mType=systemGestures mFrame=[0,0][90,2340] mVisible=true mFlags= mSideHint=LEFT mBoundingRects=null}, InsetsSource: {88a50005 mType=mandatorySystemGestures mFrame=[0,2244][1080,2340] mVisible=true mFlags= mSideHint=BOTTOM mBoundingRects=null}, InsetsSource: {88a50006 mType=tappableElement mFrame=[0,0][0,0] mVisible=true mFlags= mSideHint=NONE mBoundingRects=null}, InsetsSource: {88a50024 mType=systemGestures mFrame=[990,0][1080,2340] mVisible=true mFlags= mSideHint=RIGHT mBoundingRects=null}, InsetsSource: {3 mType=ime mFrame=[0,0][0,0] mVisible=false mFlags= mSideHint=NONE mBoundingRects=null}, InsetsSource: {27 mType=displayCutout mFrame=[0,0][1080,81] mVisible=true mFlags= mSideHint=TOP mBoundingRects=null}, InsetsSource: {43c00000 mType=statusBars mFrame=[0,0][1080,81] mVisible=true mFlags= mSideHint=TOP mBoundingRects=null}, InsetsSource: {43c00005 mType=mandatorySystemGestures mFrame=[0,0][1080,117] mVisible=true mFlags= mSideHint=TOP mBoundingRects=null}, InsetsSource: {43c00006 mType=tappableElement mFrame=[0,0][1080,81] mVisible=true mFlags= mSideHint=TOP mBoundingRects=null} }
11-21 02:43:52.664 13270 13270 I IDS_TAG : Getting Shared Preference for com.chatup.app.MainApplication@9120c5d uid = 10455
11-21 02:43:52.665 13270 13270 I IDS_TAG : App com.chatup.app.MainApplication@9120c5d has not finished training
11-21 02:43:52.666 13270 13270 I IDS_TAG : Getting Shared Preference for com.chatup.app.MainApplication@9120c5d uid = 10455
11-21 02:43:52.666 13270 13270 I IDS_TAG : IDS count updated to 5 for com.chatup.app.MainApplication@9120c5d
11-21 02:43:52.666  1665  1665 I SurfaceFlinger: RequestedLayer [54c7151 Splash Screen com.chatup.app#5093] hidden!! flag  from(1) --> to(0)
11-21 02:43:52.666  1665  1665 I SurfaceFlinger: RequestedLayer [Splash Screen com.chatup.app$_3223#5094] hidden!! flag  from(1) --> to(0)
11-21 02:43:52.666  1665  1665 I SurfaceFlinger: RequestedLayer [ActivityRecord{50642006 u0 com.chatup.app/.MainActivity t15411}#5092] hidden!! flag  from(1) --> to(0)
11-21 02:43:52.666  1665  1665 I SurfaceFlinger: [91b4c18 ActivityRecordInputSink com.chatup.app/.MainActivity#5096] attach to parent LayerHierarchy{RequestedLayerState{ActivityRecord{50642006 u0 com.chatup.app/.MainActivity t15411}#5092 parentId=5091} 2 children}
11-21 02:43:52.666  1665  1665 I SurfaceFlinger: [a042284 com.chatup.app/com.chatup.app.MainActivity#5097] attach to parent LayerHierarchy{RequestedLayerState{ActivityRecord{50642006 u0 com.chatup.app/.MainActivity t15411}#5092 parentId=5091} 3 children}
11-21 02:43:52.668  2429  3436 I WindowManager: Relayout Window{a042284 u0 com.chatup.app/com.chatup.app.MainActivity}: viewVisibility=0 req=1080x2340 ty=1 d0
11-21 02:43:52.668  1665  1792 I SurfaceFlinger: id=5100 createSurf, flag=44004, com.chatup.app/com.chatup.app.MainActivity$_13270#5100
11-21 02:43:52.669  2429  3436 D WindowManager: makeSurface duration=1 name=com.chatup.app/com.chatup.app.MainActivity$_13270
11-21 02:43:52.670  2429  3436 D SurfaceComposerClient: setCornerRadius ## 54c7151 Splash Screen com.chatup.app#5093 cornerRadius=0.000000
11-21 02:43:52.670  2429  3436 D SurfaceComposerClient: setCornerRadius ## a042284 com.chatup.app/com.chatup.app.MainActivity#5097 cornerRadius=0.000000
11-21 02:43:52.671  2429  3436 D InsetsSourceProvider: updateControlForTarget: control=InsetsSourceControl: {43c00000 mType=statusBars initiallyVisible mSurfacePosition=Point(0, 0) mInsetsHint=Insets{left=0, top=81, right=0, bottom=0}}, target=Window{54c7151 u0 Splash Screen com.chatup.app}, from=com.android.server.wm.InsetsStateController.onControlTargetChanged:83 com.android.server.wm.InsetsPolicy.updateBarControlTarget:212 com.android.server.wm.DisplayPolicy.updateSystemBarAttributes:262 com.android.server.wm.DisplayPolicy.finishPostLayoutPolicyLw:17 com.android.server.wm.RootWindowContainer.applySurfaceChangesTransaction$1:195 
11-21 02:43:52.671  2429  3436 D InsetsSourceProvider: updateControlForTarget: control=InsetsSourceControl: {88a50001 mType=navigationBars initiallyVisible mSurfacePosition=Point(0, 2196) mInsetsHint=Insets{left=0, top=0, right=0, bottom=45}}, target=Window{54c7151 u0 Splash Screen com.chatup.app}, from=com.android.server.wm.InsetsStateController.onControlTargetChanged:83 com.android.server.wm.InsetsPolicy.updateBarControlTarget:225 com.android.server.wm.DisplayPolicy.updateSystemBarAttributes:262 com.android.server.wm.DisplayPolicy.finishPostLayoutPolicyLw:17 com.android.server.wm.RootWindowContainer.applySurfaceChangesTransaction$1:195 
11-21 02:43:52.671  2429  3436 D WindowManager: updateSystemBarAttributes: displayId=0, focusedCanBeNavColorWin=false, win=Window{54c7151 u0 Splash Screen com.chatup.app}, navColorWin=Window{54c7151 u0 Splash Screen com.chatup.app}, caller=com.android.server.wm.DisplayPolicy.finishPostLayoutPolicyLw:17 com.android.server.wm.RootWindowContainer.applySurfaceChangesTransaction$1:195 com.android.server.wm.RootWindowContainer.performSurfacePlacementNoTrace:59 
11-21 02:43:52.672  2429  3436 D SurfaceComposerClient: setCornerRadius ## 54c7151 Splash Screen com.chatup.app#5093 cornerRadius=0.000000
11-21 02:43:52.672  2429  3436 D SurfaceComposerClient: setCornerRadius ## a042284 com.chatup.app/com.chatup.app.MainActivity#5097 cornerRadius=0.000000
11-21 02:43:52.672  3223  3223 D NavigationBar: onSystemBarAttributesChanged() -  displayId:0, appearance:24, packageName: com.chatup.app (APPEARANCE_LIGHT_STATUS_BARS APPEARANCE_LIGHT_NAVIGATION_BARS ), navbarColorManagedByIme:false
11-21 02:43:52.672  2429  3436 D WindowManager: Changing focus from null to Window{a042284 u0 com.chatup.app/com.chatup.app.MainActivity} displayId=0 Callers=com.android.server.wm.WindowManagerService.relayoutWindow:1350 com.android.server.wm.Session.relayout:27 android.view.IWindowSession$Stub.onTransact:829 com.android.server.wm.Session.onTransact:1 
11-21 02:43:52.673  2429  3436 D InsetsSourceProvider: updateControlForTarget: control=InsetsSourceControl: {43c00000 mType=statusBars initiallyVisible mSurfacePosition=Point(0, 0) mInsetsHint=Insets{left=0, top=81, right=0, bottom=0}}, target=Window{a042284 u0 com.chatup.app/com.chatup.app.MainActivity}, from=com.android.server.wm.InsetsStateController.onControlTargetChanged:83 com.android.server.wm.InsetsPolicy.updateBarControlTarget:212 com.android.server.wm.DisplayPolicy.updateSystemBarAttributes:262 com.android.server.wm.WindowManagerService.updateFocusedWindowLocked:372 com.android.server.wm.WindowManagerService.relayoutWindow:1350 
11-21 02:43:52.673  2429  3436 D InsetsSourceProvider: updateControlForTarget: control=InsetsSourceControl: {88a50001 mType=navigationBars initiallyVisible mSurfacePosition=Point(0, 2196) mInsetsHint=Insets{left=0, top=0, right=0, bottom=45}}, target=Window{a042284 u0 com.chatup.app/com.chatup.app.MainActivity}, from=com.android.server.wm.InsetsStateController.onControlTargetChanged:83 com.android.server.wm.InsetsPolicy.updateBarControlTarget:225 com.android.server.wm.DisplayPolicy.updateSystemBarAttributes:262 com.android.server.wm.WindowManagerService.updateFocusedWindowLocked:372 com.android.server.wm.WindowManagerService.relayoutWindow:1350 
11-21 02:43:52.673  2429  3436 D WindowManager: updateSystemBarAttributes: displayId=0, focusedCanBeNavColorWin=false, win=Window{a042284 u0 com.chatup.app/com.chatup.app.MainActivity}, navColorWin=Window{54c7151 u0 Splash Screen com.chatup.app}, caller=com.android.server.wm.WindowManagerService.updateFocusedWindowLocked:372 com.android.server.wm.WindowManagerService.relayoutWindow:1350 com.android.server.wm.Session.relayout:27 
11-21 02:43:52.673  2429  3436 V SystemKeyManager: updateFocusedWindow() is called, com.chatup.app/com.chatup.app.MainActivity
11-21 02:43:52.674  3223  3223 D NavigationBar: onSystemBarAttributesChanged() -  displayId:0, appearance:16, packageName: com.chatup.app (APPEARANCE_LIGHT_NAVIGATION_BARS ), navbarColorManagedByIme:false
11-21 02:43:52.674  2429  3344 D CoreBackPreview: Window{a042284 u0 com.chatup.app/com.chatup.app.MainActivity}: Setting back callback OnBackInvokedCallbackInfo{mCallback=android.window.IOnBackInvokedCallback$Stub$Proxy@25fa1ab, mPriority=0, mIsAnimationCallback=false, mOverrideBehavior=0}
11-21 02:43:52.675 13270 13270 E com.chatup.app: Unable to open libpenguin.so: dlopen failed: library "libpenguin.so" not found.
11-21 02:43:52.675  1665  1665 I SurfaceFlinger: RequestedLayer [a042284 com.chatup.app/com.chatup.app.MainActivity#5097] hidden!! flag  from(1) --> to(0)
11-21 02:43:52.675  1665  1665 I SurfaceFlinger: [com.chatup.app/com.chatup.app.MainActivity$_13270#5100] attach to parent LayerHierarchy{RequestedLayerState{a042284 com.chatup.app/com.chatup.app.MainActivity#5097 parentId=5092} 1 children}
11-21 02:43:52.685  1665  1792 I SurfaceFlinger: [com.chatup.app/com.chatup.app.MainActivity$_13270#5100] setTransactionState with the first frame. bufferData(ID: 56994216017920, frameNumber: 1)
11-21 02:43:52.686  1665  1893 D SurfaceFlinger: [input] setFocusedWindow: a042284 com.chatup.app/com.chatup.app.MainActivity
11-21 02:43:52.686  2429  3436 D InputDispatcher: Once focus requested (0): a042284 com.chatup.app/com.chatup.app.MainActivity
11-21 02:43:52.687  2429  3436 D InputDispatcher: Focus request (0): a042284 com.chatup.app/com.chatup.app.MainActivity but waiting because NO_WINDOW
11-21 02:43:52.687  2429  2491 I WindowManager: notifyInsetsControlChanged, removed=false, win=Window{54c7151 u0 Splash Screen com.chatup.app}, caller=com.android.server.wm.InsetsStateController$$ExternalSyntheticLambda1.run:137 com.android.server.wm.WindowAnimator$$ExternalSyntheticLambda2.onTransactionCommitted:26 android.view.SurfaceControl$Transaction$$ExternalSyntheticLambda4.run:0 android.os.Handler.handleCallback:995 android.os.Handler.dispatchMessage:103 android.os.Looper.loopOnce:273 
11-21 02:43:52.689  2429  3436 D WindowManager: finishDrawingWindow: Window{a042284 u0 com.chatup.app/com.chatup.app.MainActivity} mDrawState=DRAW_PENDING seqId=0
11-21 02:43:52.689 13270 13270 I InsetsSourceConsumer: applyRequestedVisibilityToControl: visible=true, type=statusBars, host=com.chatup.app/com.chatup.app.MainActivity
11-21 02:43:52.689 13270 13300 F libc    : Fatal signal 6 (SIGABRT), code -1 (SI_QUEUE) in tid 13300 (pool-4-thread-1), pid 13270 (com.chatup.app)
11-21 02:43:52.689 13270 13270 I InsetsSourceConsumer: applyRequestedVisibilityToControl: visible=true, type=navigationBars, host=com.chatup.app/com.chatup.app.MainActivity
11-21 02:43:52.689  2429  2491 D SurfaceComposerClient: setCornerRadius ## 54c7151 Splash Screen com.chatup.app#5093 cornerRadius=0.000000
11-21 02:43:52.689  2429  2491 D SurfaceComposerClient: setCornerRadius ## a042284 com.chatup.app/com.chatup.app.MainActivity#5097 cornerRadius=0.000000
11-21 02:43:52.690  2429  2491 D SurfaceComposerClient: setCornerRadius ## 54c7151 Splash Screen com.chatup.app#5093 cornerRadius=0.000000
11-21 02:43:52.690  2429  2491 V WindowManager: Finish starting ActivityRecord{50642006 u0 com.chatup.app/.MainActivity t15411}: first real window is shown, no animation
11-21 02:43:52.690  2429  2491 V WindowManager: Schedule remove starting ActivityRecord{50642006 u0 com.chatup.app/.MainActivity t15411} startingWindow=Window{54c7151 u0 Splash Screen com.chatup.app} animate=true Callers=com.android.server.wm.ActivityRecord.removeStartingWindow:178 com.android.server.wm.WindowState.performShowLocked:155 com.android.server.wm.WindowStateAnimator.commitFinishDrawingLocked:73 com.android.server.wm.DisplayContent$$ExternalSyntheticLambda1.accept$com$android$server$wm$DisplayContent$$ExternalSyntheticLambda37:23 com.android.server.wm.DisplayContent$$ExternalSyntheticLambda1.accept:143 
11-21 02:43:52.690  2429  2491 D TaskOrganizerController: applyStartingWindowAnimation, window=Window{a042284 u0 com.chatup.app/com.chatup.app.MainActivity}, caller=com.android.server.wm.TaskOrganizerController.removeStartingWindow:132 com.android.server.wm.StartingSurfaceController$StartingSurface.remove:23 com.android.server.wm.ActivityRecord.removeStartingWindowAnimation:171 
11-21 02:43:52.690  2429  2491 I WindowManager: Reparenting to leash, surface=Surface(name=a042284 com.chatup.app/com.chatup.app.MainActivity)/@0x97734b4, leashParent=Surface(name=ActivityRecord{50642006 u0 com.chatup.app/.MainActivity t15411})/@0x10878dd
11-21 02:43:52.690  1665  3726 I SurfaceFlinger: id=5106 createSurf, flag=24000, Surface(name=a042284 com.chatup.app/com.chatup.app.MainActivity)/@0x97734b4 - animation-leash of starting_reveal#5106
11-21 02:43:52.690  2429  2491 D WindowManager: makeSurface duration=1 leash=Surface(name=Surface(name=a042284 com.chatup.app/com.chatup.app.MainActivity)/@0x97734b4 - animation-leash of starting_reveal)/@0xd5cfc52
11-21 02:43:52.691  2429  2491 I ActivityTaskManager: done cause=notifyWindowsDrawn timestamp=39405402603977 info=TransitionInfo{ee49b23 a=ActivityRecord{50642006 u0 com.chatup.app/.MainActivity t15411} d=true}
11-21 02:43:52.691  2429  2491 V WindowManager: performShowLocked: mDrawState=HAS_DRAWN in Window{a042284 u0 com.chatup.app/com.chatup.app.MainActivity}
11-21 02:43:52.691  2429  2491 D SurfaceComposerClient: setCornerRadius ## a042284 com.chatup.app/com.chatup.app.MainActivity#5097 cornerRadius=0.000000
11-21 02:43:52.692  1665  1665 I SurfaceFlinger: [Surface(name=a042284 com.chatup.app/com.chatup.app.MainActivity)/@0x97734b4 - animation-leash of starting_reveal#5106] attach to parent LayerHierarchy{RequestedLayerState{ActivityRecord{50642006 u0 com.chatup.app/.MainActivity t15411}#5092 parentId=5091} 4 children}
11-21 02:43:52.693  2429  2491 D SurfaceComposerClient: setCornerRadius ## 54c7151 Splash Screen com.chatup.app#5093 cornerRadius=0.000000
11-21 02:43:52.693  2429  2491 D SurfaceComposerClient: setCornerRadius ## a042284 com.chatup.app/com.chatup.app.MainActivity#5097 cornerRadius=0.000000
11-21 02:43:52.693  2429  2491 D SurfaceComposerClient: setCornerRadius ## 54c7151 Splash Screen com.chatup.app#5093 cornerRadius=0.000000
11-21 02:43:52.694  2429  2491 D SurfaceComposerClient: setCornerRadius ## a042284 com.chatup.app/com.chatup.app.MainActivity#5097 cornerRadius=0.000000
11-21 02:43:52.695  1665  1665 D SurfaceFlinger:        CLIENT |           13842679602296 | 00002100 | RGBA_8888    |    0.0   71.0 1080.0 1787.0 |  229 1446  502 1880 | Splash Screen com.chatup.app$_3223#5094 (1)
11-21 02:43:52.698  2429  2487 I PkgPredictorService-SecIpmManagerServiceImpl: reportToNAP uid:10455 com.chatup.app/com.chatup.app.MainActivity thisTime:107
11-21 02:43:52.699  2429  2487 I ActivityTaskManager: Displayed com.chatup.app/.MainActivity for user 0: +107ms
11-21 02:43:52.699  2429  2487 I Pageboost: Launch time gathered : pid 13270 com.chatup.app 107
11-21 02:43:52.700  1665  1665 I SurfaceFlinger: RequestedLayer [com.chatup.app/com.chatup.app.MainActivity$_13270#5100] hidden!! flag  from(1) --> to(0)
11-21 02:43:52.700  1665  1665 I SurfaceFlinger: [LayerHierarchy{RequestedLayerState{a042284 com.chatup.app/com.chatup.app.MainActivity#5097 parentId=5106} 1 children}] reparent to LayerHierarchy{RequestedLayerState{Surface(name=a042284 com.chatup.app/com.chatup.app.MainActivity)/@0x97734b4 - animation-leash of starting_reveal#5106 parentId=5092} 1 children}
11-21 02:43:52.702  2429  2491 D SurfaceComposerClient: setCornerRadius ## 54c7151 Splash Screen com.chatup.app#5093 cornerRadius=0.000000
11-21 02:43:52.702  2429  2491 D SurfaceComposerClient: setCornerRadius ## a042284 com.chatup.app/com.chatup.app.MainActivity#5097 cornerRadius=0.000000
11-21 02:43:52.704  1665  1665 D SurfaceFlinger:        CLIENT |           56994216017920 | 00002102 | RGBA_8888    |    0.0   66.0 1080.0 1929.0 |  212 1342  543 1913 | com.chatup.app/com.chatup.app.MainActivity$_13270#5100 (1)
11-21 02:43:52.704  1665  1665 D SurfaceFlinger:        CLIENT |           13842679602296 | 00002100 | RGBA_8888    |    0.0   66.0 1080.0 1929.0 |  212 1342  543 1913 | Splash Screen com.chatup.app$_3223#5094 (1)
11-21 02:43:52.705  2429  3436 D InputDispatcher: Focus entered window (0): a042284 com.chatup.app/com.chatup.app.MainActivity
11-21 02:43:52.744  2429  3030 D MdnieScenarioControlService:  packageName : com.chatup.app    className : com.chatup.app.MainActivity
11-21 02:43:52.757  2429  4059 I WindowManager: Relayout Window{54c7151 u0 Splash Screen com.chatup.app}: viewVisibility=8 req=1080x2340 ty=3 d0
11-21 02:43:52.758  2429  4059 D SurfaceComposerClient: setCornerRadius ## a042284 com.chatup.app/com.chatup.app.MainActivity#5097 cornerRadius=0.000000
11-21 02:43:52.758  2429  4059 D WindowManager: updateSystemBarAttributes: displayId=0, focusedCanBeNavColorWin=false, win=Window{a042284 u0 com.chatup.app/com.chatup.app.MainActivity}, navColorWin=Window{a042284 u0 com.chatup.app/com.chatup.app.MainActivity}, caller=com.android.server.wm.DisplayPolicy.finishPostLayoutPolicyLw:17 com.android.server.wm.RootWindowContainer.applySurfaceChangesTransaction$1:195 com.android.server.wm.RootWindowContainer.performSurfacePlacementNoTrace:59 
11-21 02:43:52.759  2429  4059 D SurfaceComposerClient: setCornerRadius ## 54c7151 Splash Screen com.chatup.app#5093 cornerRadius=0.000000
11-21 02:43:52.759  2429  4059 D SurfaceComposerClient: setCornerRadius ## a042284 com.chatup.app/com.chatup.app.MainActivity#5097 cornerRadius=0.000000
11-21 02:43:52.761  3223  3223 D NavigationBar: onSystemBarAttributesChanged() -  displayId:0, appearance:0, packageName: com.chatup.app, navbarColorManagedByIme:false
11-21 02:43:52.764  2429  4059 D CoreBackPreview: Window{54c7151 u0 Splash Screen com.chatup.app}: Setting back callback null
11-21 02:43:52.765  2429  3344 D WindowManager: Starting window removed Window{54c7151 u0 Splash Screen com.chatup.app}
11-21 02:43:52.765  2429  3344 I WindowManager: Cancelling animation restarting=false, leash=Surface(name=Surface(name=a042284 com.chatup.app/com.chatup.app.MainActivity)/@0x97734b4 - animation-leash of starting_reveal)/@0xd5cfc52
11-21 02:43:52.765  2429  3344 I WindowManager: Reparenting to original parent: Surface(name=ActivityRecord{50642006 u0 com.chatup.app/.MainActivity t15411})/@0x10878dd, destroy=false, surface=Surface(name=a042284 com.chatup.app/com.chatup.app.MainActivity)/@0x97734b4
11-21 02:43:52.765  2429  3344 V WindowManager: Remove Window{54c7151 u0 Splash Screen com.chatup.app}: mSurfaceControl=Surface(name=Splash Screen com.chatup.app$_3223)/@0x8186b5a mAnimatingExit=false mRemoveOnExit=false mHasSurface=true surfaceShowing=true animating=false app-animation=false callers=com.android.server.wm.Session.remove:16 android.view.IWindowSession$Stub.onTransact:804 com.android.server.wm.Session.onTransact:1 android.os.Binder.execTransactInternal:1462 android.os.Binder.execTransact:1401 <bottom of call stack> 
11-21 02:43:52.765  2429  3344 D SurfaceComposerClient: setCornerRadius ## a042284 com.chatup.app/com.chatup.app.MainActivity#5097 cornerRadius=0.000000
11-21 02:43:52.766  2429  3344 D SurfaceComposerClient: setCornerRadius ## a042284 com.chatup.app/com.chatup.app.MainActivity#5097 cornerRadius=0.000000
11-21 02:43:52.768  2429  2491 D SurfaceComposerClient: setCornerRadius ## a042284 com.chatup.app/com.chatup.app.MainActivity#5097 cornerRadius=0.000000
11-21 02:43:52.773  2429  2491 D SurfaceComposerClient: setCornerRadius ## a042284 com.chatup.app/com.chatup.app.MainActivity#5097 cornerRadius=0.000000
11-21 02:43:52.775  1665  1665 I SurfaceFlinger: RequestedLayer [Splash Screen com.chatup.app$_3223#5094] hidden!! flag  from(0) --> to(1)
11-21 02:43:52.775  1665  1665 I SurfaceFlinger: [LayerHierarchy{RequestedLayerState{a042284 com.chatup.app/com.chatup.app.MainActivity#5097 parentId=5092} 1 children}] reparent to LayerHierarchy{RequestedLayerState{ActivityRecord{50642006 u0 com.chatup.app/.MainActivity t15411}#5092 parentId=5091} 4 children}
11-21 02:43:52.775  1665  1665 I SurfaceFlinger: [LayerHierarchy{RequestedLayerState{Surface(name=a042284 com.chatup.app/com.chatup.app.MainActivity)/@0x97734b4 - animation-leash of starting_reveal#5106} no children}] reparent to OffscreenRoot
11-21 02:43:52.775  1665  1665 I SurfaceFlinger: [LayerHierarchy{RequestedLayerState{Surface(name=a042284 com.chatup.app/com.chatup.app.MainActivity)/@0x97734b4 - animation-leash of starting_reveal#5106} no children}] RelativeParent to null
11-21 02:43:52.780  1665  1665 D SurfaceFlinger:        CLIENT |           56994216017920 | 00002102 | RGBA_8888    |    0.0   22.0 1080.0 2299.0 |   70  442  903 2199 | com.chatup.app/com.chatup.app.MainActivity$_13270#5100 (1)
11-21 02:43:52.881 13323 13323 F DEBUG   : Cmdline: com.chatup.app
11-21 02:43:52.881 13323 13323 F DEBUG   : pid: 13270, tid: 13300, name: pool-4-thread-1  >>> com.chatup.app <<<
11-21 02:43:52.881 13323 13323 F DEBUG   :       #02 pc 0000000000128c88  /data/app/~~tBA_tr4J__DEAeqgInhYBg==/com.chatup.app-ckt7Tq7V_ca6TZ6hN8Pu3A==/base.apk!libappmodules.so (offset 0x730000) (facebook::react::RNSVGTSpanProps::~RNSVGTSpanProps()+36) (BuildId: aa3eba8e4a567f60f2d608d43c1badfc455d935e)
11-21 02:43:52.881 13323 13323 F DEBUG   :       #03 pc 00000000001283e0  /data/app/~~tBA_tr4J__DEAeqgInhYBg==/com.chatup.app-ckt7Tq7V_ca6TZ6hN8Pu3A==/base.apk!libappmodules.so (offset 0x730000) (void facebook::react::RawPropsParser::prepare<facebook::react::RNSVGTSpanProps>()+1368) (BuildId: aa3eba8e4a567f60f2d608d43c1badfc455d935e)
11-21 02:43:52.881 13323 13323 F DEBUG   :       #04 pc 0000000000127df4  /data/app/~~tBA_tr4J__DEAeqgInhYBg==/com.chatup.app-ckt7Tq7V_ca6TZ6hN8Pu3A==/base.apk!libappmodules.so (offset 0x730000) (BuildId: aa3eba8e4a567f60f2d608d43c1badfc455d935e)
11-21 02:43:52.881 13323 13323 F DEBUG   :       #05 pc 0000000000127d48  /data/app/~~tBA_tr4J__DEAeqgInhYBg==/com.chatup.app-ckt7Tq7V_ca6TZ6hN8Pu3A==/base.apk!libappmodules.so (offset 0x730000) (std::__ndk1::unique_ptr<facebook::react::ComponentDescriptor const, std::__ndk1::default_delete<facebook::react::ComponentDescriptor const>> facebook::react::concreteComponentDescriptorConstructor<facebook::react::ConcreteComponentDescriptor<facebook::react::ConcreteViewShadowNode<&facebook::react::RNSVGTSpanComponentName.<char const at offset 0>, facebook::react::RNSVGTSpanProps, facebook::react::RNSVGTSpanEventEmitter, facebook::react::StateData>>>(facebook::react::ComponentDescriptorParameters const&)+36) (BuildId: aa3eba8e4a567f60f2d608d43c1badfc455d935e)
11-21 02:43:52.881 13323 13323 F DEBUG   :       #06 pc 00000000003d95e4  /data/app/~~tBA_tr4J__DEAeqgInhYBg==/com.chatup.app-ckt7Tq7V_ca6TZ6hN8Pu3A==/base.apk!libreactnative.so (offset 0x1094000) (facebook::react::ComponentDescriptorRegistry::add(facebook::react::ComponentDescriptorProvider) const+148) (BuildId: daceecb3f8ffe4c2)
11-21 02:43:52.881 13323 13323 F DEBUG   :       #07 pc 00000000003d8fec  /data/app/~~tBA_tr4J__DEAeqgInhYBg==/com.chatup.app-ckt7Tq7V_ca6TZ6hN8Pu3A==/base.apk!libreactnative.so (offset 0x1094000) (facebook::react::ComponentDescriptorProviderRegistry::createComponentDescriptorRegistry(facebook::react::ComponentDescriptorParameters const&) const+352) (BuildId: daceecb3f8ffe4c2)
11-21 02:43:52.881 13323 13323 F DEBUG   :       #08 pc 00000000003b9a6c  /data/app/~~tBA_tr4J__DEAeqgInhYBg==/com.chatup.app-ckt7Tq7V_ca6TZ6hN8Pu3A==/base.apk!libreactnative.so (offset 0x1094000) (BuildId: daceecb3f8ffe4c2)
11-21 02:43:52.881 13323 13323 F DEBUG   :       #09 pc 000000000041df48  /data/app/~~tBA_tr4J__DEAeqgInhYBg==/com.chatup.app-ckt7Tq7V_ca6TZ6hN8Pu3A==/base.apk!libreactnative.so (offset 0x1094000) (facebook::react::Scheduler::Scheduler(facebook::react::SchedulerToolbox const&, facebook::react::UIManagerAnimationDelegate*, facebook::react::SchedulerDelegate*)+2136) (BuildId: daceecb3f8ffe4c2)
11-21 02:43:52.881 13323 13323 F DEBUG   :       #10 pc 00000000002ab118  /data/app/~~tBA_tr4J__DEAeqgInhYBg==/com.chatup.app-ckt7Tq7V_ca6TZ6hN8Pu3A==/base.apk!libreactnative.so (offset 0x1094000) (facebook::react::FabricUIManagerBinding::installFabricUIManager(facebook::jni::alias_ref<facebook::jni::detail::JTypeFor<facebook::jni::HybridClass<facebook::react::JRuntimeExecutor, facebook::jni::detail::BaseHybridClass>::JavaPart, facebook::jni::JObject, void>::_javaobject*>, facebook::jni::alias_ref<facebook::jni::detail::JTypeFor<facebook::jni::HybridClass<facebook::react::JRuntimeScheduler, facebook::jni::detail::BaseHybridClass>::JavaPart, facebook::jni::JObject, void>::_javaobject*>, facebook::jni::alias_ref<facebook::jni::detail::JTypeFor<facebook::react::JFabricUIManager, facebook::jni::JObject, void>::_javaobject*>, facebook::react::EventBeatManager*, facebook::react::ComponentFactory*)+3140) (BuildId: daceecb3f8ffe4c2)
11-21 02:43:52.881 13323 13323 F DEBUG   :       #11 pc 00000000002b0448  /data/app/~~tBA_tr4J__DEAeqgInhYBg==/com.chatup.app-ckt7Tq7V_ca6TZ6hN8Pu3A==/base.apk!libreactnative.so (offset 0x1094000) (facebook::jni::detail::MethodWrapper<void (facebook::react::FabricUIManagerBinding::*)(facebook::jni::alias_ref<facebook::jni::detail::JTypeFor<facebook::jni::HybridClass<facebook::react::JRuntimeExecutor, facebook::jni::detail::BaseHybridClass>::JavaPart, facebook::jni::JObject, void>::_javaobject*>, facebook::jni::alias_ref<facebook::jni::detail::JTypeFor<facebook::jni::HybridClass<facebook::react::JRuntimeScheduler, facebook::jni::detail::BaseHybridClass>::JavaPart, facebook::jni::JObject, void>::_javaobject*>, facebook::jni::alias_ref<facebook::jni::detail::JTypeFor<facebook::react::JFabricUIManager, facebook::jni::JObject, void>::_javaobject*>, facebook::react::EventBeatManager*, facebook::react::ComponentFactory*), &facebook::react::FabricUIManagerBinding::installFabricUIManager(facebook::jni::alias_ref<facebook::jni::detail::JTypeFor<facebook::jni::HybridClass<facebook::react::JRuntimeExecutor, facebook::jni::detail::BaseHybridClass>::JavaPart, facebook::jni::JObject, void>::_javaobject*>, facebook::jni::alias_ref<facebook::jni::detail::JTypeFor<facebook::jni::HybridClass<facebook::react::JRuntimeScheduler, facebook::jni::detail::BaseHybridClass>::JavaPart, facebook::jni::JObject, void>::_javaobject*>, facebook::jni::alias_ref<facebook::jni::detail::JTypeFor<facebook::react::JFabricUIManager, facebook::jni::JObject, void>::_javaobject*>, facebook::react::EventBeatManager*, facebook::react::ComponentFactory*), facebook::react::FabricUIManagerBinding, void, facebook::jni::alias_ref<facebook::jni::detail::JTypeFor<facebook::jni::HybridClass<facebook::react::JRuntimeExecutor, facebook::jni::detail::BaseHybridClass>::JavaPart, facebook::jni::JObject, void>::_javaobject*>, facebook::jni::alias_ref<facebook::jni::detail::JTypeFor<facebook::jni::HybridClass<facebook::react::JRuntimeScheduler, facebook::jni::detail::BaseHybridClass>::JavaPart, facebook::jni::JObject, void>::_javaobject*>, facebook::jni::alias_ref<facebook::jni::detail::JTypeFor<facebook::react::JFabricUIManager, facebook::jni::JObject, void>::_javaobject*>, facebook::react::EventBeatManager*, facebook::react::ComponentFactory*>::dispatch(facebook::jni::alias_ref<facebook::jni::detail::JTypeFor<facebook::jni::HybridClass<facebook::react::FabricUIManagerBinding, facebook::jni::detail::BaseHybridClass>::JavaPart, facebook::jni::JObject, void>::_javaobject*>, facebook::jni::alias_ref<facebook::jni::detail::JTypeFor<facebook::jni::HybridClass<facebook::react::JRuntimeExecutor, facebook::jni::detail::BaseHybridClass>::JavaPart, facebook::jni::JObject, void>::_javaobject*>&&, facebook::jni::alias_ref<facebook::jni::detail::JTypeFor<facebook::jni::HybridClass<facebook::react::JRuntimeScheduler, facebook::jni::detail::BaseHybridClass>::JavaPart, facebook::jni::JObject, void>::_javaobject*>&&, facebook::jni::alias_ref<facebook::jni::detail::JTypeFor<facebook::react::JFabricUIManager, facebook::jni::JObject, void>::_javaobject*>&&, facebook::react::EventBeatManager*&&, facebook::react::ComponentFactory*&&)+124) (BuildId: daceecb3f8ffe4c2)
11-21 02:43:52.881 13323 13323 F DEBUG   :       #12 pc 00000000002ad678  /data/app/~~tBA_tr4J__DEAeqgInhYBg==/com.chatup.app-ckt7Tq7V_ca6TZ6hN8Pu3A==/base.apk!libreactnative.so (offset 0x1094000) (facebook::jni::detail::MethodWrapper<void (facebook::react::FabricUIManagerBinding::*)(facebook::jni::alias_ref<facebook::jni::detail::JTypeFor<facebook::jni::HybridClass<facebook::react::JRuntimeExecutor, facebook::jni::detail::BaseHybridClass>::JavaPart, facebook::jni::JObject, void>::_javaobject*>, facebook::jni::alias_ref<facebook::jni::detail::JTypeFor<facebook::jni::HybridClass<facebook::react::JRuntimeScheduler, facebook::jni::detail::BaseHybridClass>::JavaPart, facebook::jni::JObject, void>::_javaobject*>, facebook::jni::alias_ref<facebook::jni::detail::JTypeFor<facebook::react::JFabricUIManager, facebook::jni::JObject, void>::_javaobject*>, facebook::react::EventBeatManager*, facebook::react::ComponentFactory*), &facebook::react::FabricUIManagerBinding::installFabricUIManager(facebook::jni::alias_ref<facebook::jni::detail::JTypeFor<facebook::jni::HybridClass<facebook::react::JRuntimeExecutor, facebook::jni::detail::BaseHybridClass>::JavaPart, facebook::jni::JObject, void>::_javaobject*>, facebook::jni::alias_ref<facebook::jni::detail::JTypeFor<facebook::jni::HybridClass<facebook::react::JRuntimeScheduler, facebook::jni::detail::BaseHybridClass>::JavaPart, facebook::jni::JObject, void>::_javaobject*>, facebook::jni::alias_ref<facebook::jni::detail::JTypeFor<facebook::react::JFabricUIManager, facebook::jni::JObject, void>::_javaobject*>, facebook::react::EventBeatManager*, facebook::react::ComponentFactory*), facebook::react::FabricUIManagerBinding, void, facebook::jni::alias_ref<facebook::jni::detail::JTypeFor<facebook::jni::HybridClass<facebook::react::JRuntimeExecutor, facebook::jni::detail::BaseHybridClass>::JavaPart, facebook::jni::JObject, void>::_javaobject*>, facebook::jni::alias_ref<facebook::jni::detail::JTypeFor<facebook::jni::HybridClass<facebook::react::JRuntimeScheduler, facebook::jni::detail::BaseHybridClass>::JavaPart, facebook::jni::JObject, void>::_javaobject*>, facebook::jni::alias_ref<facebook::jni::detail::JTypeFor<facebook::react::JFabricUIManager, facebook::jni::JObject, void>::_javaobject*>, facebook::react::EventBeatManager*, facebook::react::ComponentFactory*>::call(_JNIEnv*, _jobject*, facebook::jni::detail::JTypeFor<facebook::jni::HybridClass<facebook::react::JRuntimeExecutor, facebook::jni::detail::BaseHybridClass>::JavaPart, facebook::jni::JObject, void>::_javaobject*, facebook::jni::detail::JTypeFor<facebook::jni::HybridClass<facebook::react::JRuntimeScheduler, facebook::jni::detail::BaseHybridClass>::JavaPart, facebook::jni::JObject, void>::_javaobject*, facebook::jni::detail::JTypeFor<facebook::react::JFabricUIManager, facebook::jni::JObject, void>::_javaobject*, facebook::jni::detail::JTypeFor<facebook::jni::HybridClass<facebook::react::EventBeatManager, facebook::jni::detail::BaseHybridClass>::JavaPart, facebook::jni::JObject, void>::_javaobject*, facebook::jni::detail::JTypeFor<facebook::jni::HybridClass<facebook::react::ComponentFactory, facebook::jni::detail::BaseHybridClass>::JavaPart, facebook::jni::JObject, void>::_javaobject*)+176) (BuildId: daceecb3f8ffe4c2)
11-21 02:43:52.881 13323 13323 F DEBUG   :       #15 pc 00000000003fd748  /data/app/~~tBA_tr4J__DEAeqgInhYBg==/com.chatup.app-ckt7Tq7V_ca6TZ6hN8Pu3A==/oat/arm64/base.vdex (com.facebook.react.fabric.FabricUIManagerBinding.register+56)
11-21 02:43:52.881 13323 13323 F DEBUG   :       #17 pc 000000000042176e  /data/app/~~tBA_tr4J__DEAeqgInhYBg==/com.chatup.app-ckt7Tq7V_ca6TZ6hN8Pu3A==/oat/arm64/base.vdex (com.facebook.react.runtime.ReactInstance.<init>+774)
11-21 02:43:52.881 13323 13323 F DEBUG   :       #19 pc 000000000041daee  /data/app/~~tBA_tr4J__DEAeqgInhYBg==/com.chatup.app-ckt7Tq7V_ca6TZ6hN8Pu3A==/oat/arm64/base.vdex (com.facebook.react.runtime.ReactHostImpl.getOrCreateReactInstanceTask$lambda$41$lambda$38+106)
11-21 02:43:52.881 13323 13323 F DEBUG   :       #21 pc 000000000041da68  /data/app/~~tBA_tr4J__DEAeqgInhYBg==/com.chatup.app-ckt7Tq7V_ca6TZ6hN8Pu3A==/oat/arm64/base.vdex (com.facebook.react.runtime.ReactHostImpl.$r8$lambda$LQY77bFECGrnkUqd7Ku55sJ721A+0)
11-21 02:43:52.881 13323 13323 F DEBUG   :       #23 pc 000000000041c374  /data/app/~~tBA_tr4J__DEAeqgInhYBg==/com.chatup.app-ckt7Tq7V_ca6TZ6hN8Pu3A==/oat/arm64/base.vdex (com.facebook.react.runtime.ReactHostImpl$$ExternalSyntheticLambda11.then+8)
11-21 02:43:52.881 13323 13323 F DEBUG   :       #25 pc 0000000000423310  /data/app/~~tBA_tr4J__DEAeqgInhYBg==/com.chatup.app-ckt7Tq7V_ca6TZ6hN8Pu3A==/oat/arm64/base.vdex (com.facebook.react.runtime.internal.bolts.Task$Companion.completeImmediately$lambda$3+0)
11-21 02:43:52.881 13323 13323 F DEBUG   :       #27 pc 000000000042314c  /data/app/~~tBA_tr4J__DEAeqgInhYBg==/com.chatup.app-ckt7Tq7V_ca6TZ6hN8Pu3A==/oat/arm64/base.vdex (com.facebook.react.runtime.internal.bolts.Task$Companion.$r8$lambda$b7MTC0ufkn_2TjF4BGcNqGR9qK0+0)
11-21 02:43:52.881 13323 13323 F DEBUG   :       #29 pc 0000000000422e74  /data/app/~~tBA_tr4J__DEAeqgInhYBg==/com.chatup.app-ckt7Tq7V_ca6TZ6hN8Pu3A==/oat/arm64/base.vdex (com.facebook.react.runtime.internal.bolts.Task$Companion$$ExternalSyntheticLambda3.run+12)
11-21 02:43:52.881 13323 13323 F DEBUG   :       #31 pc 0000000000422b96  /data/app/~~tBA_tr4J__DEAeqgInhYBg==/com.chatup.app-ckt7Tq7V_ca6TZ6hN8Pu3A==/oat/arm64/base.vdex (com.facebook.react.runtime.internal.bolts.Executors$ImmediateExecutor.execute+10)
11-21 02:43:52.881 13323 13323 F DEBUG   :       #33 pc 000000000042335e  /data/app/~~tBA_tr4J__DEAeqgInhYBg==/com.chatup.app-ckt7Tq7V_ca6TZ6hN8Pu3A==/oat/arm64/base.vdex (com.facebook.react.runtime.internal.bolts.Task$Companion.completeImmediately+10)
11-21 02:43:52.881 13323 13323 F DEBUG   :       #35 pc 00000000004231ac  /data/app/~~tBA_tr4J__DEAeqgInhYBg==/com.chatup.app-ckt7Tq7V_ca6TZ6hN8Pu3A==/oat/arm64/base.vdex (com.facebook.react.runtime.internal.bolts.Task$Companion.access$completeImmediately+0)
11-21 02:43:52.881 13323 13323 F DEBUG   :       #37 pc 000000000042387a  /data/app/~~tBA_tr4J__DEAeqgInhYBg==/com.chatup.app-ckt7Tq7V_ca6TZ6hN8Pu3A==/oat/arm64/base.vdex (com.facebook.react.runtime.internal.bolts.Task.continueWith+82)
11-21 02:43:52.881 13323 13323 F DEBUG   :       #39 pc 00000000004237e4  /data/app/~~tBA_tr4J__DEAeqgInhYBg==/com.chatup.app-ckt7Tq7V_ca6TZ6hN8Pu3A==/oat/arm64/base.vdex (com.facebook.react.runtime.internal.bolts.Task.continueWith$default+12)
11-21 02:43:52.881 13323 13323 F DEBUG   :       #41 pc 0000000000423abc  /data/app/~~tBA_tr4J__DEAeqgInhYBg==/com.chatup.app-ckt7Tq7V_ca6TZ6hN8Pu3A==/oat/arm64/base.vdex (com.facebook.react.runtime.internal.bolts.Task.onSuccess$lambda$12+76)
11-21 02:43:52.882 13323 13323 F DEBUG   :       #43 pc 000000000042371c  /data/app/~~tBA_tr4J__DEAeqgInhYBg==/com.chatup.app-ckt7Tq7V_ca6TZ6hN8Pu3A==/oat/arm64/base.vdex (com.facebook.react.runtime.internal.bolts.Task.$r8$lambda$l0wwo5AvbHxlwfI1R7CH_codxoo+0)
11-21 02:43:52.882 13323 13323 F DEBUG   :       #45 pc 0000000000422ccc  /data/app/~~tBA_tr4J__DEAeqgInhYBg==/com.chatup.app-ckt7Tq7V_ca6TZ6hN8Pu3A==/oat/arm64/base.vdex (com.facebook.react.runtime.internal.bolts.Task$$ExternalSyntheticLambda2.then+4)
11-21 02:43:52.882 13323 13323 F DEBUG   :       #47 pc 0000000000423264  /data/app/~~tBA_tr4J__DEAeqgInhYBg==/com.chatup.app-ckt7Tq7V_ca6TZ6hN8Pu3A==/oat/arm64/base.vdex (com.facebook.react.runtime.internal.bolts.Task$Companion.completeAfterTask$lambda$5+0)
11-21 02:43:52.882 13323 13323 F DEBUG   :       #49 pc 000000000042311c  /data/app/~~tBA_tr4J__DEAeqgInhYBg==/com.chatup.app-ckt7Tq7V_ca6TZ6hN8Pu3A==/oat/arm64/base.vdex (com.facebook.react.runtime.internal.bolts.Task$Companion.$r8$lambda$IPpysnehFwANEiW061YzapkMdoE+0)
11-21 02:43:52.882 13323 13323 F DEBUG   :       #51 pc 0000000000422ebc  /data/app/~~tBA_tr4J__DEAeqgInhYBg==/com.chatup.app-ckt7Tq7V_ca6TZ6hN8Pu3A==/oat/arm64/base.vdex (com.facebook.react.runtime.internal.bolts.Task$Companion$$ExternalSyntheticLambda4.run+12)
11-21 02:43:52.900  2429 13331 W ActivityManager: crash : com.chatup.app,10455
11-21 02:43:52.903  2429 13328 W ActivityTaskManager:   Force finishing activity com.chatup.app/.MainActivity
11-21 02:43:52.906  2429 13328 V WindowManager: Collecting in transition 435: Task{9a38630 #15411 type=standard A=10455:com.chatup.app}, caller=com.android.server.wm.Transition.collectExistenceChange:40 com.android.server.wm.Transition.collectClose:7 com.android.server.wm.ActivityRecord.finishIfPossible:50 com.android.server.wm.ActivityRecord.finishIfPossible:1 com.android.server.wm.RootWindowContainer$$ExternalSyntheticLambda34.accept:179 
11-21 02:43:52.906  2429 13328 D WindowManager: prepareSync <SYNC_STATE_WAITING_FOR_DRAW>, mPrepareSyncSeqId=0, win=Window{54c7151 u0 Splash Screen com.chatup.app EXITING}
11-21 02:43:52.906  2429 13328 D WindowManager: prepareSync <SYNC_STATE_WAITING_FOR_DRAW>, mPrepareSyncSeqId=0, win=Window{a042284 u0 com.chatup.app/com.chatup.app.MainActivity}
11-21 02:43:52.907  3223  3269 V WindowManagerShell: Transition requested (#435): android.os.BinderProxy@d6a24b4 TransitionRequestInfo { type = CLOSE, triggerTask = TaskInfo{userId=0 taskId=15411 effectiveUid=10455 displayId=0 isRunning=true baseIntent=Intent { act=android.intent.action.MAIN cat=[android.intent.category.LAUNCHER] flg=0x10200000 cmp=com.chatup.app/.MainActivity } baseActivity=ComponentInfo{com.chatup.app/com.chatup.app.MainActivity} topActivity=ComponentInfo{com.chatup.app/com.chatup.app.MainActivity} origActivity=null realActivity=ComponentInfo{com.chatup.app/com.chatup.app.MainActivity} numActivities=1 lastActiveTime=60950479 supportsMultiWindow=true resizeMode=1 isResizeable=true minWidth=-1 minHeight=-1 maxWidth=-1 maxHeight=-1 defaultMinSize=220 desktopDefaultMinSize=304 token=WCT{android.window.IWindowContainerToken$Stub$Proxy@498a8dd} topActivityType=1 pictureInPictureParams=null shouldDockBigOverlays=false launchIntoPipHostTaskId=-1 lastParentTaskIdBeforePip=-1 displayCutoutSafeInsets=Rect(0, 0 - 0, 0) topActivityInfo=ActivityInfo{616c52 com.chatup.app.MainActivity} launchCookies=[android.os.BinderProxy@d517b91] positionInParent=Point(0, 0) parentTaskId=-1 isFocused=true isVisible=true isVisibleRequested=true isTopActivityNoDisplay=false isSleeping=false locusId=null displayAreaFeatureId=1 isTopActivityTransparent=false isActivityStackTransparent=false lastNonFullscreenBounds=Rect(81, 603 - 999, 1773) capturedLink=null capturedLinkTimestamp=0 requestedVisibleTypes=-9 topActivityRequestOpenInBrowserEducationTimestamp=0 appCompatTaskInfo=AppCompatTaskInfo { topActivityInSizeCompat=false eligibleForLetterboxEducation= false isLetterboxEducationEnabled= false isLetterboxDoubleTapEnabled= false eligibleForUserAspectRatioButton= false topActivityBoundsLetterboxed= false isFromLetterboxDoubleTap= false topActivityLetterboxVerticalPosition= -1 topActivityLetterboxHorizontalPosition= -1 topActivityLetterboxWidth=-1 topActivityLetterboxHeight=-1 topActivityAppBounds=Rect(0, 0 - 1080, 2340) isUserFullscreenOverrideEnabled=false isSystemFullscreenOverrideEnabled=false hasMinAspectRatioOverride=false topActivityLetterboxBounds=null cameraCompatTaskInfo=CameraCompatTaskInfo { freeformCameraCompatMode=inactive} topActivityBounds=null topActivityInDisplayCompat=false singleTapFromLetterbox=false} topActivityMainWindowFrame=null originallySupportedMultiWindow=true hasWallpaper=false rootAffinity=10455:com.chatup.app isTopTaskInStage=false CoverLauncherWidgetTask=false LaunchedFromAppsCoverLauncherTask=false LaunchedFromMultistarCoverLauncherTask=false isAllowedSeamlessRotation=false isTopTransparentActivity=false isAliasManaged=false hasConfigChanged=false snappingGuideBounds=null isAiKeyRemoveAppTask=false lastDesktopWindowingBounds=null lastExternalDesktopWindowingBounds=null safeCutoutInsets=null}, pipChange = null, remoteTransition = null, displayChange = null, flags = 16, debugId = 435 }
11-21 02:43:52.907  2429 13328 D ActivityTaskManager: scheduleTopResumedActivityChanged, onTop=false, r=ActivityRecord{50642006 u0 com.chatup.app/.MainActivity t15411 f}}, caller=com.android.server.wm.ActivityTaskSupervisor.scheduleTopResumedActivityStateLossIfNeeded:19 com.android.server.wm.ActivityTaskSupervisor.updateTopResumedActivityIfNeeded:20 com.android.server.wm.TaskDisplayArea.positionChildAt:252 com.android.server.wm.WindowContainer.positionChildAt:84 com.android.server.wm.Task.positionChildAt:19 com.android.server.wm.Task.moveToFront:40 
11-21 02:43:52.907  2429 13328 V WindowManager: Collecting in transition 435: ActivityRecord{50642006 u0 com.chatup.app/.MainActivity t15411 f}}, caller=com.android.server.wm.TransitionController.collect:7 com.android.server.wm.ActivityRecord.setVisibility:132 com.android.server.wm.ActivityRecord.finishIfPossible:87 com.android.server.wm.ActivityRecord.finishIfPossible:1 com.android.server.wm.RootWindowContainer$$ExternalSyntheticLambda34.accept:179 
11-21 02:43:52.915  2429 13328 D WindowManager: updateSystemBarAttributes: displayId=0, focusedCanBeNavColorWin=false, win=Window{a042284 u0 com.chatup.app/com.chatup.app.MainActivity}, navColorWin=Window{286dcec u0 com.sec.android.app.launcher/com.sec.android.app.launcher.activities.LauncherActivity}, caller=com.android.server.wm.DisplayPolicy.finishPostLayoutPolicyLw:17 com.android.server.wm.RootWindowContainer.applySurfaceChangesTransaction$1:195 com.android.server.wm.RootWindowContainer.performSurfacePlacementNoTrace:59 
11-21 02:43:52.917  2429  2488 I ActivityManager: Showing crash dialog for package com.chatup.app u0
11-21 02:43:52.921  2429 13328 W ActivityTaskManager:   Force finishing activity com.chatup.app/.MainActivity
11-21 02:43:52.922  2429 13328 V WindowManager: Collecting in transition 435: ActivityRecord{50642006 u0 com.chatup.app/.MainActivity t15411 f}}, caller=com.android.server.wm.TransitionController.collect:7 com.android.server.wm.ActivityRecord.onRemovedFromDisplay:258 com.android.server.wm.ActivityRecord.removeFromHistory:173 com.android.server.wm.ActivityRecord.destroyImmediately:270 com.android.server.wm.ActivityRecord.destroyIfPossible:178 
11-21 02:43:52.922  2429  2942 W InputDispatcher: channel 'a042284 com.chatup.app/com.chatup.app.MainActivity' ~ Consumer closed input channel or an error occurred.  events=0xd
11-21 02:43:52.922  2429  2942 E InputDispatcher: channel 'a042284 com.chatup.app/com.chatup.app.MainActivity' ~ Channel is unrecoverably broken and will be disposed!
11-21 02:43:52.922  2429  2490 D SGM:FgCheckThread: getForegroundApp(), foregroundPkgName=com.chatup.app
11-21 02:43:52.922  2429  4059 D InputDispatcher: Focus left window (0): a042284 com.chatup.app/com.chatup.app.MainActivity
11-21 02:43:52.924  2429 13328 D WindowManager: Changing focus from Window{a042284 u0 com.chatup.app/com.chatup.app.MainActivity} to Window{286dcec u0 com.sec.android.app.launcher/com.sec.android.app.launcher.activities.LauncherActivity} displayId=0 Callers=com.android.server.wm.ActivityRecord.onRemovedFromDisplay:454 com.android.server.wm.ActivityRecord.removeFromHistory:173 com.android.server.wm.ActivityRecord.destroyImmediately:270 com.android.server.wm.ActivityRecord.destroyIfPossible:178 
11-21 02:43:52.928  2429  2942 I WindowManager: WINDOW DIED Window{a042284 u0 com.chatup.app/com.chatup.app.MainActivity}
11-21 02:43:52.928  2429  2942 V WindowManager: Remove Window{a042284 u0 com.chatup.app/com.chatup.app.MainActivity}: mSurfaceControl=Surface(name=com.chatup.app/com.chatup.app.MainActivity$_13270)/@0x703b37b mAnimatingExit=false mRemoveOnExit=false mHasSurface=true surfaceShowing=true animating=false app-animation=false callers=com.android.server.input.InputManagerService.notifyInputChannelBroken:72 <bottom of call stack> <bottom of call stack> <bottom of call stack> <bottom of call stack> <bottom of call stack> 
11-21 02:43:52.932  2429  3436 I WindowManager: WIN DEATH: Window{a042284 u0 com.chatup.app/com.chatup.app.MainActivity EXITING}
11-21 02:43:52.933  2429  3436 V WindowManager: Remove Window{a042284 u0 com.chatup.app/com.chatup.app.MainActivity EXITING}: mSurfaceControl=Surface(name=com.chatup.app/com.chatup.app.MainActivity$_13270)/@0x703b37b mAnimatingExit=true mRemoveOnExit=true mHasSurface=true surfaceShowing=true animating=false app-animation=false callers=com.android.server.wm.Session.binderDied:85 android.os.IBinder$DeathRecipient.binderDied:346 android.os.BinderProxy.sendDeathNotice:848 <bottom of call stack> <bottom of call stack> <bottom of call stack> 
11-21 02:43:52.940  2429  2490 D SGM:FgCheckThread: pkgName: com.chatup.app is not in foreground
11-21 02:43:52.942  2429  2491 W ClientLifecycleManager: Failed to deliver transaction for ProcessRecord{4fa4939 13270:com.chatup.app/u0a455}
11-21 02:43:52.942  2429  2491 W ActivityTaskManager: Failed for dead process. ClientTransactionItem=WindowStateInsetsControlChangeItem{mWindow=android.view.IWindow$Stub$Proxy@6e4716b} owner=ProcessRecord{4fa4939 13270:com.chatup.app/u0a455}
11-21 02:43:52.948  2429  5756 I ActivityManager: Process com.chatup.app (pid 13270) has died: fg  TOP (111,2414)
11-21 02:43:52.954  2429 13328 W ActivityManager: Ignoring remove of inactive process: ProcessRecord{4fa4939 0:com.chatup.app/u0a455}
11-21 02:43:52.962  3630  3630 I HoneySpace.AppListFastRecyclerViewAdapter: findCloseTarget : 93329, ComponentInfo{com.chatup.app/com.chatup.app.MainActivity}
11-21 02:43:52.967  2429  2491 D ChangeTransitionController:    ChangeInfo{124065e container=ActivityRecord{50642006 u0 com.chatup.app/.MainActivity t15411 f} isExiting} flags=0x0}
11-21 02:43:52.967  2429  2491 D ChangeTransitionController:    ChangeInfo{60fb055 container=Task{9a38630 #15411 type=standard A=10455:com.chatup.app} flags=0x0}
11-21 02:43:52.967  2429  2491 V WindowManager: Start calculating TransitionInfo based on participants: {ActivityRecord{50642006 u0 com.chatup.app/.MainActivity t15411 f} isExiting}, Task{9a38630 #15411 type=standard A=10455:com.chatup.app}, Task{a327c37 #15347 type=home I=com.sec.android.app.launcher/.activities.LauncherActivity}, WallpaperWindowToken{a5edb24 showWhenLocked=false}_<system>, Task{e4d5e4b #1 type=home}, ActivityRecord{256021636 u0 com.sec.android.app.launcher/.activities.LauncherActivity t15347}}
11-21 02:43:52.970  2429  2491 V WindowManager:   Final targets: [ChangeInfo{f1b3ff8 container=Task{e4d5e4b #1 type=home} flags=0x30}, ChangeInfo{60fb055 container=Task{9a38630 #15411 type=standard A=10455:com.chatup.app} flags=0x10}, ChangeInfo{288b5b container=WallpaperWindowToken{a5edb24 showWhenLocked=false}_<system> flags=0x0}]
11-21 02:43:52.972  2429  2491 V WindowManager:         {WCT{RemoteToken{11e69b5 Task{9a38630 #15411 type=standard A=10455:com.chatup.app}}} m=CLOSE f=NONE leash=Surface(name=Task=15411)/@0x6db8c9f sb=Rect(0, 0 - 1080, 2340) eb=Rect(0, 0 - 1080, 2340) epz=Point(1080, 2340) d=0 taskParent=-1 inset=Rect(0, 0 - 0, 0) dim=true},
11-21 02:43:52.975  1665  1921 I SurfaceFlinger: Capture layer list: 	 com.chatup.app/com.chatup.app.MainActivity$_13270#5100(seamlessTransition:0)
11-21 02:43:52.975  1665  1802 D RenderEngine: [SEC_SF_EFFECTS] drawLayersInternal,1483, Rendering layer com.chatup.app/com.chatup.app.MainActivity$_13270#5100 at index 1
11-21 02:43:52.979  2429  2487 V WindowManager: Sent Transition (#435) createdAt=11-21 02:43:52.903 via request=TransitionRequestInfo { type = CLOSE, triggerTask = TaskInfo{userId=0 taskId=15411 effectiveUid=10455 displayId=0 isRunning=true baseIntent=Intent { act=android.intent.action.MAIN cat=[android.intent.category.LAUNCHER] flg=0x10200000 cmp=com.chatup.app/.MainActivity } baseActivity=ComponentInfo{com.chatup.app/com.chatup.app.MainActivity} topActivity=ComponentInfo{com.chatup.app/com.chatup.app.MainActivity} origActivity=null realActivity=ComponentInfo{com.chatup.app/com.chatup.app.MainActivity} numActivities=1 lastActiveTime=60950479 supportsMultiWindow=true resizeMode=1 isResizeable=true minWidth=-1 minHeight=-1 maxWidth=-1 maxHeight=-1 defaultMinSize=220 desktopDefaultMinSize=304 token=WCT{RemoteToken{11e69b5 Task{9a38630 #15411 type=standard A=10455:com.chatup.app}}} topActivityType=1 pictureInPictureParams=null shouldDockBigOverlays=false launchIntoPipHostTaskId=-1 lastParentTaskIdBeforePip=-1 displayCutoutSafeInsets=Rect(0, 0 - 0, 0) topActivityInfo=ActivityInfo{526584a com.chatup.app.MainActivity} launchCookies=[android.os.BinderProxy@37653bb] positionInParent=Point(0, 0) parentTaskId=-1 isFocused=true isVisible=true isVisibleRequested=true isTopActivityNoDisplay=false isSleeping=false locusId=null displayAreaFeatureId=1 isTopActivityTransparent=false isActivityStackTransparent=false lastNonFullscreenBounds=Rect(81, 603 - 999, 1773) capturedLink=null capturedLinkTimestamp=0 requestedVisibleTypes=-9 topActivityRequestOpenInBrowserEducationTimestamp=0 appCompatTaskInfo=AppCompatTaskInfo { topActivityInSizeCompat=false eligibleForLetterboxEducation= false isLetterboxEducationEnabled= false isLetterboxDoubleTapEnabled= false eligibleForUserAspectRatioButton= false topActivityBoundsLetterboxed= false isFromLetterboxDoubleTap= false topActivityLetterboxVerticalPosition= -1 topActivityLetterboxHorizontalPosition= -1 topActivityLetterboxWidth=-1 topActivityLetterboxHeight=-1 topActivityAppBounds=Rect(0, 0 - 1080, 2340) isUserFullscreenOverrideEnabled=false isSystemFullscreenOverrideEnabled=false hasMinAspectRatioOverride=false topActivityLetterboxBounds=null cameraCompatTaskInfo=CameraCompatTaskInfo { freeformCameraCompatMode=inactive} topActivityBounds=null topActivityInDisplayCompat=false singleTapFromLetterbox=false} topActivityMainWindowFrame=null originallySupportedMultiWindow=true hasWallpaper=false rootAffinity=10455:com.chatup.app isTopTaskInStage=false CoverLauncherWidgetTask=false LaunchedFromAppsCoverLauncherTask=false LaunchedFromMultistarCoverLauncherTask=false isAllowedSeamlessRotation=false isTopTransparentActivity=false isAliasManaged=false hasConfigChanged=false snappingGuideBounds=null isAiKeyRemoveAppTask=false lastDesktopWindowingBounds=null lastExternalDesktopWindowingBounds=null safeCutoutInsets=null}, pipChange = null, remoteTransition = null, displayChange = null, flags = 16, debugId = 435 }
11-21 02:43:52.980  2429  2487 V WindowManager:         {WCT{RemoteToken{11e69b5 Task{9a38630 #15411 type=standard A=10455:com.chatup.app}}} m=CLOSE f=NONE leash=Surface(name=Task=15411)/@0x6db8c9f sb=Rect(0, 0 - 1080, 2340) eb=Rect(0, 0 - 1080, 2340) epz=Point(1080, 2340) d=0 taskParent=-1 inset=Rect(0, 0 - 0, 0) dim=true},
11-21 02:43:53.039  5956  5956 I SDHMS:PowerAnomaly:Gatherer:AppError: update AppError : uid=10455, pkg=com.chatup.app, errorType=crash
11-21 02:43:53.055  5956  5956 I SDHMS:PowerAnomaly:Analyzer:AppError: analyze app error : uid=10455, pkg=com.chatup.app, appErrorCount=5
11-21 02:43:53.175 13333 13333 I Dc.IafdService: handleAppError, pkgName : com.chatup.app, userId : 0, errorType : 24, repeat : true component : com.chatup.app-ckt7Tq7V_ca6TZ6hN8Pu3A==/base.apk!libappmodules.so (offset 0x730000) (facebook::react::RNSVGTSpanProps::~RNSVGTSpanProps()+36) (BuildId: aa3eba8e4a567f60f2d608d43c1badfc455d935e)errorStack:       #00 pc 00000000000705fc  /apex/com.android.runtime/lib64/bionic/libc.so (abort+160) (BuildId: e59f6db702cf4b200d6a6f0e384072ab)
11-21 02:43:53.175 13333 13333 I Dc.IafdService:       #02 pc 0000000000128c88  /data/app/~~tBA_tr4J__DEAeqgInhYBg==/com.chatup.app-ckt7Tq7V_ca6TZ6hN8Pu3A==/base.apk!libappmodules.so (offset 0x730000) (facebook::react::RNSVGTSpanProps::~RNSVGTSpanProps()+36) (BuildId: aa3eba8e4a567f60f2d608d43
11-21 02:43:53.414  2429  2490 W ActivityTaskManager: Activity top resumed state loss timeout for ActivityRecord{50642006 u0 com.chatup.app/.MainActivity t15411 f} isExiting}
11-21 02:43:53.416  1665  1665 D SurfaceFlinger:        CLIENT |           56994216017920 | 00002102 | RGBA_8888    |    0.0   81.0 1080.0 1151.0 |  260 1663  418 1820 | com.chatup.app/com.chatup.app.MainActivity$_13270#5100 (1)
11-21 02:43:53.425  1665  1665 D SurfaceFlinger:        CLIENT |           56994216017920 | 00002102 | RGBA_8888    |    0.0   81.0 1080.0 1152.0 |  260 1664  418 1820 | com.chatup.app/com.chatup.app.MainActivity$_13270#5100 (1)
11-21 02:43:53.549  1665  1792 I SurfaceFlinger: id=5106 Removed Surface(name=a042284 com.chatup.app/com.chatup.app.MainActivity)/@0x97734b4 - animation-leash of starting_reveal#5106 (238)
11-21 02:43:53.554  1665  1665 I SurfaceFlinger: destroyed Surface(name=a042284 com.chatup.app/com.chatup.app.MainActivity)/@0x97734b4 - animation-leash of starting_reveal#5106 form LifecycleManager
11-21 02:43:53.554  1665  1665 I SurfaceFlinger: id=5106 onLayerDestroyed from LayerHierarchyBuilder(RequestedLayerState{Surface(name=a042284 com.chatup.app/com.chatup.app.MainActivity)/@0x97734b4 - animation-leash of starting_reveal#5106 !handle})
11-21 02:43:53.555  1665  1665 I Layer   : id=5106 Destroyed Surface(name=a042284 com.chatup.app/com.chatup.app.MainActivity)/@0x97734b4 - animation-leash of starting_reveal#5106
11-21 02:43:53.558  1665  3726 I SurfaceFlinger: id=5086 Removed Surface(name=eb20bcf com.chatup.app/com.chatup.app.MainActivity)/@0xdc3b624 - animation-leash of starting_reveal#5086 (237)
11-21 02:43:53.562  1665  3726 I SurfaceFlinger: id=5066 Removed Surface(name=c752dd7 com.chatup.app/com.chatup.app.MainActivity)/@0x14e0048 - animation-leash of starting_reveal#5066 (237)
11-21 02:43:53.562  1665  1665 I SurfaceFlinger: destroyed Surface(name=eb20bcf com.chatup.app/com.chatup.app.MainActivity)/@0xdc3b624 - animation-leash of starting_reveal#5086 form LifecycleManager
11-21 02:43:53.562  1665  1665 I SurfaceFlinger: destroyed Surface(name=c752dd7 com.chatup.app/com.chatup.app.MainActivity)/@0x14e0048 - animation-leash of starting_reveal#5066 form LifecycleManager
11-21 02:43:53.562  1665  1665 I SurfaceFlinger: id=5086 onLayerDestroyed from LayerHierarchyBuilder(RequestedLayerState{Surface(name=eb20bcf com.chatup.app/com.chatup.app.MainActivity)/@0xdc3b624 - animation-leash of starting_reveal#5086 !handle})
11-21 02:43:53.562  1665  1665 I SurfaceFlinger: id=5066 onLayerDestroyed from LayerHierarchyBuilder(RequestedLayerState{Surface(name=c752dd7 com.chatup.app/com.chatup.app.MainActivity)/@0x14e0048 - animation-leash of starting_reveal#5066 !handle})
11-21 02:43:53.563  1665  1665 I Layer   : id=5086 Destroyed Surface(name=eb20bcf com.chatup.app/com.chatup.app.MainActivity)/@0xdc3b624 - animation-leash of starting_reveal#5086
11-21 02:43:53.563  1665  1665 I Layer   : id=5066 Destroyed Surface(name=c752dd7 com.chatup.app/com.chatup.app.MainActivity)/@0x14e0048 - animation-leash of starting_reveal#5066
11-21 02:43:53.565  1665  3726 I SurfaceFlinger: id=5027 Removed Surface(name=da02091 com.chatup.app/com.chatup.app.MainActivity)/@0xbf95001 - animation-leash of starting_reveal#5027 (235)
11-21 02:43:53.568  1665  3726 I SurfaceFlinger: id=5007 Removed Surface(name=fc7625f com.chatup.app/com.chatup.app.MainActivity)/@0x1853e57 - animation-leash of starting_reveal#5007 (235)
11-21 02:43:53.571  1665  1665 I SurfaceFlinger: destroyed Surface(name=fc7625f com.chatup.app/com.chatup.app.MainActivity)/@0x1853e57 - animation-leash of starting_reveal#5007 form LifecycleManager
11-21 02:43:53.571  1665  1665 I SurfaceFlinger: destroyed Surface(name=da02091 com.chatup.app/com.chatup.app.MainActivity)/@0xbf95001 - animation-leash of starting_reveal#5027 form LifecycleManager
11-21 02:43:53.571  1665  1665 I SurfaceFlinger: id=5007 onLayerDestroyed from LayerHierarchyBuilder(RequestedLayerState{Surface(name=fc7625f com.chatup.app/com.chatup.app.MainActivity)/@0x1853e57 - animation-leash of starting_reveal#5007 !handle})
11-21 02:43:53.571  1665  1665 I SurfaceFlinger: id=5027 onLayerDestroyed from LayerHierarchyBuilder(RequestedLayerState{Surface(name=da02091 com.chatup.app/com.chatup.app.MainActivity)/@0xbf95001 - animation-leash of starting_reveal#5027 !handle})
11-21 02:43:53.571  1665  1665 I Layer   : id=5007 Destroyed Surface(name=fc7625f com.chatup.app/com.chatup.app.MainActivity)/@0x1853e57 - animation-leash of starting_reveal#5007
11-21 02:43:53.571  1665  1665 I Layer   : id=5027 Destroyed Surface(name=da02091 com.chatup.app/com.chatup.app.MainActivity)/@0xbf95001 - animation-leash of starting_reveal#5027
11-21 02:43:53.717  2429  6075 V WindowManager:    ChangeInfo{606f13a container=ActivityRecord{50642006 u0 com.chatup.app/.MainActivity t15411 f} isExiting} flags=0x0}
11-21 02:43:53.717  2429  6075 V WindowManager:    ChangeInfo{485eb48 container=Task{9a38630 #15411 type=standard A=10455:com.chatup.app} flags=0x10}
11-21 02:43:53.719  2429  6075 D ChangeTransitionController:    ChangeInfo{606f13a container=ActivityRecord{50642006 u0 com.chatup.app/.MainActivity t15411 f} isExiting} flags=0x0}
11-21 02:43:53.719  2429  6075 D ChangeTransitionController:    ChangeInfo{485eb48 container=Task{9a38630 #15411 type=standard A=10455:com.chatup.app} flags=0x10}
11-21 02:43:53.719  2429  6075 V WindowManager:    ChangeInfo{124065e container=ActivityRecord{50642006 u0 com.chatup.app/.MainActivity t15411 f} isExiting} flags=0x0}
11-21 02:43:53.719  2429  6075 V WindowManager:    ChangeInfo{60fb055 container=Task{9a38630 #15411 type=standard A=10455:com.chatup.app} flags=0x10}
11-21 02:43:53.721  2429  6075 V WindowManager: Setting visibility of Window{a042284 u0 com.chatup.app/com.chatup.app.MainActivity EXITING}: false, caller=com.android.server.wm.WindowContainer.sendAppVisibilityToClients:19 com.android.server.wm.WindowToken.setClientVisible:48 com.android.server.wm.ActivityRecord.commitVisibility:186 com.android.server.wm.TransitionController.finishTransition:846 com.android.server.wm.WindowOrganizerController.finishTransitionInner:31 
11-21 02:43:53.721  2429  6075 W WindowManager: Exception thrown during dispatchAppVisibility Window{a042284 u0 com.chatup.app/com.chatup.app.MainActivity EXITING}
11-21 02:43:53.722  2429  6075 D WindowManager: Starting window removed Window{54c7151 u0 Splash Screen com.chatup.app EXITING}
11-21 02:43:53.722  2429  6075 V WindowManager: Remove Window{54c7151 u0 Splash Screen com.chatup.app EXITING}: mSurfaceControl=Surface(name=Splash Screen com.chatup.app$_3223)/@0x8186b5a mAnimatingExit=true mRemoveOnExit=true mHasSurface=true surfaceShowing=false animating=false app-animation=false callers=com.android.server.wm.WindowToken.removeAllWindowsIfPossible:45 com.android.server.wm.WindowToken.removeIfPossible:16 com.android.server.wm.WindowToken.handleCompleteDeferredRemoval:5 com.android.server.wm.WindowContainer.handleCompleteDeferredRemoval:21 com.android.server.wm.TaskFragment.handleCompleteDeferredRemoval:17 com.android.server.wm.WindowContainer.handleCompleteDeferredRemoval:21 
11-21 02:43:53.723  2429  6075 V WindowManager: Remove Window{a042284 u0 com.chatup.app/com.chatup.app.MainActivity EXITING}: mSurfaceControl=Surface(name=com.chatup.app/com.chatup.app.MainActivity$_13270)/@0x703b37b mAnimatingExit=true mRemoveOnExit=true mHasSurface=true surfaceShowing=true animating=false app-animation=false callers=com.android.server.wm.WindowToken.removeAllWindowsIfPossible:45 com.android.server.wm.WindowToken.removeIfPossible:16 com.android.server.wm.WindowToken.handleCompleteDeferredRemoval:5 com.android.server.wm.WindowContainer.handleCompleteDeferredRemoval:21 com.android.server.wm.TaskFragment.handleCompleteDeferredRemoval:17 com.android.server.wm.WindowContainer.handleCompleteDeferredRemoval:21 
11-21 02:43:53.724  1665  3726 I SurfaceFlinger: id=5096 Removed 91b4c18 ActivityRecordInputSink com.chatup.app/.MainActivity#5096 (215)
11-21 02:43:53.726  2429  6075 D ChangeTransitionController:    ChangeInfo{124065e container=ActivityRecord{50642006 u0 com.chatup.app/.MainActivity t-1 f} isExiting} flags=0x0}
11-21 02:43:53.726  2429  6075 D ChangeTransitionController:    ChangeInfo{60fb055 container=Task{9a38630 #15411 type=standard A=10455:com.chatup.app} flags=0x10}
11-21 02:43:53.738  1665  1665 I SurfaceFlinger: [LayerHierarchy{RequestedLayerState{com.chatup.app/com.chatup.app.MainActivity$_13270#5100} no children}] reparent to OffscreenRoot
11-21 02:43:53.738  1665  1665 I SurfaceFlinger: [LayerHierarchy{RequestedLayerState{com.chatup.app/com.chatup.app.MainActivity$_13270#5100} no children}] RelativeParent to null
11-21 02:43:53.738  1665  1665 I SurfaceFlinger: [LayerHierarchy{RequestedLayerState{a042284 com.chatup.app/com.chatup.app.MainActivity#5097} no children}] reparent to OffscreenRoot
11-21 02:43:53.738  1665  1665 I SurfaceFlinger: [LayerHierarchy{RequestedLayerState{a042284 com.chatup.app/com.chatup.app.MainActivity#5097} no children}] RelativeParent to null
11-21 02:43:53.738  1665  1665 I SurfaceFlinger: [LayerHierarchy{RequestedLayerState{Splash Screen com.chatup.app$_3223#5094} no children}] reparent to OffscreenRoot
11-21 02:43:53.738  1665  1665 I SurfaceFlinger: [LayerHierarchy{RequestedLayerState{Splash Screen com.chatup.app$_3223#5094} no children}] RelativeParent to null
11-21 02:43:53.738  1665  1665 I SurfaceFlinger: [LayerHierarchy{RequestedLayerState{54c7151 Splash Screen com.chatup.app#5093 z=2147483647} no children}] reparent to OffscreenRoot
11-21 02:43:53.738  1665  1665 I SurfaceFlinger: [LayerHierarchy{RequestedLayerState{54c7151 Splash Screen com.chatup.app#5093 z=2147483647} no children}] RelativeParent to null
11-21 02:43:53.738  1665  1665 I SurfaceFlinger: [LayerHierarchy{RequestedLayerState{ActivityRecord{50642006 u0 com.chatup.app/.MainActivity t15411}#5092} 1 children}] reparent to OffscreenRoot
11-21 02:43:53.738  1665  1